Component: ARM Compiler 5.05 update 1 (build 106) Tool: armlink [4d0efa]

==============================================================================

Section Cross References

    main.o(.text) refers to _printf_percent.o(.ARM.Collect$$_printf_percent$$00000000) for _printf_percent
    main.o(.text) refers to _printf_f.o(.ARM.Collect$$_printf_percent$$00000003) for _printf_f
    main.o(.text) refers to printf1.o(x$fpl$printf1) for _printf_fp_dec
    main.o(.text) refers to _printf_d.o(.ARM.Collect$$_printf_percent$$00000009) for _printf_d
    main.o(.text) refers to _printf_dec.o(.text) for _printf_int_dec
    main.o(.text) refers to misc.o(.text) for NVIC_PriorityGroupConfig
    main.o(.text) refers to delay.o(.text) for delay_init
    main.o(.text) refers to usart.o(.text) for uart_init
    main.o(.text) refers to led.o(.text) for LED_Init
    main.o(.text) refers to lcd.o(.text) for LCD_Init
    main.o(.text) refers to i2c.o(.text) for i2cdevInit
    main.o(.text) refers to key.o(.text) for KEY_Init
    main.o(.text) refers to mpu6050.o(.text) for MPU6050_Init
    main.o(.text) refers to 24l01.o(.text) for NRF24L01_Init
    main.o(.text) refers to spi.o(.text) for SPI1_Init
    main.o(.text) refers to ms5611.o(.text) for MS5611_Init
    main.o(.text) refers to timer.o(.text) for TIM5_Init
    main.o(.text) refers to ak8975.o(.text) for AK8975_Init
    main.o(.text) refers to f2d.o(x$fpl$f2d) for __aeabi_f2d
    main.o(.text) refers to noretval__2printf.o(.text) for __2printf
    main.o(.text) refers to main.o(.data) for gaodu
    main.o(.text) refers to main.o(.bss) for mpu6050_buffer
    main.o(.text) refers to usart.o(.data) for USART_RX_STA
    system_stm32f4xx.o(.text) refers to system_stm32f4xx.o(.data) for SystemCoreClock
    led.o(.text) refers to stm32f4xx_rcc.o(.text) for RCC_AHB1PeriphClockCmd
    led.o(.text) refers to stm32f4xx_gpio.o(.text) for GPIO_Init
    lcd.o(.text) refers to _printf_percent.o(.ARM.Collect$$_printf_percent$$00000000) for _printf_percent
    lcd.o(.text) refers to _printf_x.o(.ARM.Collect$$_printf_percent$$0000000C) for _printf_x
    lcd.o(.text) refers to _printf_hex_int.o(.text) for _printf_longlong_hex
    lcd.o(.text) refers to delay.o(.text) for delay_us
    lcd.o(.text) refers to lcd.o(.bss) for lcddev
    lcd.o(.text) refers to lcd.o(.data) for POINT_COLOR
    lcd.o(.text) refers to dflt_clz.o(x$fpl$dfltu) for __aeabi_ui2d
    lcd.o(.text) refers to dmul.o(x$fpl$dmul) for __aeabi_dmul
    lcd.o(.text) refers to dfixu.o(x$fpl$dfixu) for __aeabi_d2uiz
    lcd.o(.text) refers to stm32f4xx_rcc.o(.text) for RCC_AHB1PeriphClockCmd
    lcd.o(.text) refers to stm32f4xx_gpio.o(.text) for GPIO_Init
    lcd.o(.text) refers to stm32f4xx_fsmc.o(.text) for FSMC_NORSRAMInit
    lcd.o(.text) refers to noretval__2printf.o(.text) for __2printf
    lcd.o(.text) refers to lcd.o(.constdata) for asc2_1206
    key.o(.text) refers to stm32f4xx_rcc.o(.text) for RCC_AHB1PeriphClockCmd
    key.o(.text) refers to stm32f4xx_gpio.o(.text) for GPIO_Init
    key.o(.text) refers to delay.o(.text) for delay_ms
    key.o(.text) refers to key.o(.data) for key_up
    spi.o(.text) refers to stm32f4xx_rcc.o(.text) for RCC_APB2PeriphClockCmd
    spi.o(.text) refers to stm32f4xx_gpio.o(.text) for GPIO_PinAFConfig
    spi.o(.text) refers to stm32f4xx_spi.o(.text) for SPI_Init
    spi.o(.text) refers to spi.o(.data) for spi1_err
    24l01.o(.text) refers to stm32f4xx_spi.o(.text) for SPI_Cmd
    24l01.o(.text) refers to stm32f4xx_rcc.o(.text) for RCC_AHB1PeriphClockCmd
    24l01.o(.text) refers to stm32f4xx_gpio.o(.text) for GPIO_Init
    24l01.o(.text) refers to spi.o(.text) for SPI2_Init
    24l01.o(.text) refers to 24l01.o(.constdata) for RX_ADDRESS
    i2c.o(.text) refers to stm32f4xx_rcc.o(.text) for RCC_AHB1PeriphClockCmd
    i2c.o(.text) refers to stm32f4xx_gpio.o(.text) for GPIO_Init
    i2c.o(.text) refers to delay.o(.text) for delay_us
    i2c.o(.text) refers to i2c.o(.data) for i2c_soft_err
    mpu6050.o(.text) refers to _printf_percent.o(.ARM.Collect$$_printf_percent$$00000000) for _printf_percent
    mpu6050.o(.text) refers to _printf_f.o(.ARM.Collect$$_printf_percent$$00000003) for _printf_f
    mpu6050.o(.text) refers to printf1.o(x$fpl$printf1) for _printf_fp_dec
    mpu6050.o(.text) refers to i2c.o(.text) for i2cReadBytes
    mpu6050.o(.text) refers to delay.o(.text) for delay_ms
    mpu6050.o(.text) refers to basefilter.o(.text) for SildeMeanFilter
    mpu6050.o(.text) refers to dflt_clz.o(x$fpl$dflt) for __aeabi_i2d
    mpu6050.o(.text) refers to dmul.o(x$fpl$dmul) for __aeabi_dmul
    mpu6050.o(.text) refers to d2f.o(x$fpl$d2f) for __aeabi_d2f
    mpu6050.o(.text) refers to f2d.o(x$fpl$f2d) for __aeabi_f2d
    mpu6050.o(.text) refers to noretval__2printf.o(.text) for __2printf
    mpu6050.o(.text) refers to mpu6050.o(.bss) for mpu6050_acc_filter
    mpu6050.o(.text) refers to mpu6050.o(.data) for DeviceID
    mpu6050.o(.text) refers to main.o(.bss) for mpu6050_buffer
[...]
    x$fpl$dfltu                              0x0800ae92   Section       38  dflt_clz.o(x$fpl$dfltu)
    $v0                                      0x0800ae92   Number         0  dflt_clz.o(x$fpl$dfltu)
    x$fpl$dleqf                              0x0800aeb8   Section      120  dleqf.o(x$fpl$dleqf)
    $v0                                      0x0800aeb8   Number         0  dleqf.o(x$fpl$dleqf)
    x$fpl$dmul                               0x0800af30   Section      340  dmul.o(x$fpl$dmul)
    $v0                                      0x0800af30   Number         0  dmul.o(x$fpl$dmul)
    x$fpl$dnaninf                            0x0800b084   Section      156  dnaninf.o(x$fpl$dnaninf)
    $v0                                      0x0800b084   Number         0  dnaninf.o(x$fpl$dnaninf)
    x$fpl$dretinf                            0x0800b120   Section       12  dretinf.o(x$fpl$dretinf)
    $v0                                      0x0800b120   Number         0  dretinf.o(x$fpl$dretinf)
    x$fpl$drleqf                             0x0800b12c   Section      108  drleqf.o(x$fpl$drleqf)
    $v0                                      0x0800b12c   Number         0  drleqf.o(x$fpl$drleqf)
    x$fpl$drsb                               0x0800b198   Section       22  daddsub_clz.o(x$fpl$drsb)
    $v0                                      0x0800b198   Number         0  daddsub_clz.o(x$fpl$drsb)
    x$fpl$dsqrt                              0x0800b1b0   Section      408  dsqrt_umaal.o(x$fpl$dsqrt)
    $v0                                      0x0800b1b0   Number         0  dsqrt_umaal.o(x$fpl$dsqrt)
    x$fpl$dsub                               0x0800b348   Section      468  daddsub_clz.o(x$fpl$dsub)
    $v0                                      0x0800b348   Number         0  daddsub_clz.o(x$fpl$dsub)
    _dsub1                                   0x0800b359   Thumb Code     0  daddsub_clz.o(x$fpl$dsub)
    x$fpl$f2d                                0x0800b51c   Section       86  f2d.o(x$fpl$f2d)
    $v0                                      0x0800b51c   Number         0  f2d.o(x$fpl$f2d)
    x$fpl$fnaninf                            0x0800b572   Section      140  fnaninf.o(x$fpl$fnaninf)
    $v0                                      0x0800b572   Number         0  fnaninf.o(x$fpl$fnaninf)
    x$fpl$fpinit                             0x0800b5fe   Section       10  fpinit.o(x$fpl$fpinit)
    $v0                                      0x0800b5fe   Number         0  fpinit.o(x$fpl$fpinit)
    x$fpl$fretinf                            0x0800b608   Section       10  fretinf.o(x$fpl$fretinf)
    $v0                                      0x0800b608   Number         0  fretinf.o(x$fpl$fretinf)
    x$fpl$printf1                            0x0800b612   Section        4  printf1.o(x$fpl$printf1)
    $v0                                      0x0800b612   Number         0  printf1.o(x$fpl$printf1)
    x$fpl$retnan                             0x0800b616   Section      100  retnan.o(x$fpl$retnan)
    $v0                                      0x0800b616   Number         0  retnan.o(x$fpl$retnan)
    x$fpl$scalbn                             0x0800b67a   Section       92  scalbn.o(x$fpl$scalbn)
    $v0                                      0x0800b67a   Number         0  scalbn.o(x$fpl$scalbn)
    x$fpl$trapveneer                         0x0800b6d6   Section       48  trapv.o(x$fpl$trapveneer)
    $v0                                      0x0800b6d6   Number         0  trapv.o(x$fpl$trapveneer)
    .constdata                               0x0800b706   Section     6080  lcd.o(.constdata)
    x$fpl$usenofp                            0x0800b706   Section        0  usenofp.o(x$fpl$usenofp)
    .constdata                               0x0800cec6   Section       10  24l01.o(.constdata)
    .constdata                               0x0800ced0   Section       28  stm32f4xx_fsmc.o(.constdata)
    .constdata                               0x0800ceec   Section       40  _printf_hex_int.o(.constdata)
    uc_hextab                                0x0800ceec   Data          20  _printf_hex_int.o(.constdata)
    lc_hextab                                0x0800cf00   Data          20  _printf_hex_int.o(.constdata)
    .constdata                               0x0800cf18   Section      136  pow.o(.constdata)
    bp                                       0x0800cf18   Data          16  pow.o(.constdata)
    dp_h                                     0x0800cf28   Data          16  pow.o(.constdata)
    dp_l                                     0x0800cf38   Data          16  pow.o(.constdata)
    L                                        0x0800cf48   Data          48  pow.o(.constdata)
    P                                        0x0800cf78   Data          40  pow.o(.constdata)
    .constdata                               0x0800cfa0   Section        8  qnan.o(.constdata)
    .constdata                               0x0800cfa8   Section      148  bigflt0.o(.constdata)
    tenpwrs_x                                0x0800cfa8   Data          60  bigflt0.o(.constdata)
    tenpwrs_i                                0x0800cfe4   Data          64  bigflt0.o(.constdata)
    locale$$data                             0x0800d05c   Section       28  lc_numeric_c.o(locale$$data)
    __lcnum_c_name                           0x0800d060   Data           2  lc_numeric_c.o(locale$$data)
    __lcnum_c_start                          0x0800d068   Data           0  lc_numeric_c.o(locale$$data)
    __lcnum_c_point                          0x0800d074   Data           0  lc_numeric_c.o(locale$$data)
    __lcnum_c_thousands                      0x0800d076   Data           0  lc_numeric_c.o(locale$$data)
    __lcnum_c_grouping                       0x0800d077   Data           0  lc_numeric_c.o(locale$$data)
    __lcnum_c_end                            0x0800d078   Data           0  lc_numeric_c.o(locale$$data)
    .data                                    0x20000000   Section       10  main.o(.data)
    .data                                    0x2000000c   Section       20  system_stm32f4xx.o(.data)
    .data                                    0x20000020   Section        4  lcd.o(.data)
    .data                                    0x20000024   Section        1  key.o(.data)
    key_up                                   0x20000024   Data           1  key.o(.data)
    .data                                    0x20000028   Section        4  spi.o(.data)
    .data                                    0x2000002c   Section        4  i2c.o(.data)
    .data                                    0x20000030   Section       12  mpu6050.o(.data)
    .data                                    0x2000003c   Section       52  ms5611.o(.data)
    altitude                                 0x20000054   Data           4  ms5611.o(.data)
    altitude_last                            0x20000058   Data           4  ms5611.o(.data)
    MS5611_count                             0x2000005c   Data           1  ms5611.o(.data)
    time_now                                 0x20000060   Data           4  ms5611.o(.data)
    time_last                                0x20000064   Data           4  ms5611.o(.data)
    first_run                                0x20000068   Data           1  ms5611.o(.data)
    convert_dt                               0x2000006c   Data           4  ms5611.o(.data)
    .data                                    0x20000070   Section       12  ak8975.o(.data)
    .data                                    0x2000007c   Section        4  delay.o(.data)
    fac_us                                   0x2000007c   Data           1  delay.o(.data)
    fac_ms                                   0x2000007e   Data           2  delay.o(.data)
    .data                                    0x20000080   Section       10  usart.o(.data)
    .data                                    0x2000008a   Section       16  stm32f4xx_rcc.o(.data)
    APBAHBPrescTable                         0x2000008a   Data          16  stm32f4xx_rcc.o(.data)
    .bss                                     0x2000009c   Section       14  main.o(.bss)
    .bss                                     0x200000aa   Section       14  lcd.o(.bss)
    .bss                                     0x200000b8   Section      156  mpu6050.o(.bss)
    .bss                                     0x20000154   Section       72  ms5611.o(.bss)
    .bss                                     0x2000019c   Section       12  ak8975.o(.bss)
    .bss                                     0x200001a8   Section      200  usart.o(.bss)
    .bss                                     0x20000270   Section       96  libspace.o(.bss)
    HEAP                                     0x200002d0   Section      512  startup_stm32f40_41xxx.o(HEAP)
    Heap_Mem                                 0x200002d0   Data         512  startup_stm32f40_41xxx.o(HEAP)
    STACK                                    0x200004d0   Section     1024  startup_stm32f40_41xxx.o(STACK)
    Stack_Mem                                0x200004d0   Data        1024  startup_stm32f40_41xxx.o(STACK)
    __initial_sp                             0x200008d0   Data           0  startup_stm32f40_41xxx.o(STACK)

    Global Symbols

    Symbol Name                              Value     Ov Type        Size  Object(Section)

    BuildAttributes$$THM_ISAv4$E$P$D$K$B$S$7EM$VFPi3$EXTD16$VFPS$VFMA$PE$A:L22UL41UL21$X:L11$S22US41US21$IEEE1$IW$USESV6$~STKCKD$USESV7$~SHL$OTIME$ROPI$IEEEX$EBA8$UX$STANDARDLIB$REQ8$PRES8$EABIv2 0x00000000   Number         0  anon$$obj.o ABSOLUTE
    __ARM_use_no_argv                        0x00000000   Number         0  main.o ABSOLUTE
    __ARM_exceptions_init                     - Undefined Weak Reference
    __alloca_initialize                       - Undefined Weak Reference
    __arm_preinit_                            - Undefined Weak Reference
    __cpp_initialize__aeabi_                  - Undefined Weak Reference
    __cxa_finalize                            - Undefined Weak Reference
    __sigvec_lookup                           - Undefined Weak Reference
    _atexit_init                              - Undefined Weak Reference
    _call_atexit_fns                          - Undefined Weak Reference
    _clock_init                               - Undefined Weak Reference
    _fp_trap_init                             - Undefined Weak Reference
    _fp_trap_shutdown                         - Undefined Weak Reference
    _get_lc_collate                           - Undefined Weak Reference
    _get_lc_ctype                             - Undefined Weak Reference
    _get_lc_monetary                          - Undefined Weak Reference
    _get_lc_time                              - Undefined Weak Reference
    _getenv_init                              - Undefined Weak Reference
    _handle_redirection                       - Undefined Weak Reference
    _init_alloc                               - Undefined Weak Reference
    _init_user_alloc                          - Undefined Weak Reference
    _initio                                   - Undefined Weak Reference
    _mutex_acquire                            - Undefined Weak Reference
    _mutex_release                            - Undefined Weak Reference
    _printf_post_padding                      - Undefined Weak Reference
    _printf_pre_padding                       - Undefined Weak Reference
    _printf_truncate_signed                   - Undefined Weak Reference
    _printf_truncate_unsigned                 - Undefined Weak Reference
    _rand_init                                - Undefined Weak Reference
    _signal_finish                            - Undefined Weak Reference
    _signal_init                              - Undefined Weak Reference
    _terminate_alloc                          - Undefined Weak Reference
    _terminate_user_alloc                     - Undefined Weak Reference
    _terminateio                              - Undefined Weak Reference
    __Vectors_Size                           0x00000188   Number         0  startup_stm32f40_41xxx.o ABSOLUTE
    __Vectors                                0x08000000   Data           4  startup_stm32f40_41xxx.o(RESET)
    __Vectors_End                            0x08000188   Data           0  startup_stm32f40_41xxx.o(RESET)
    __main                                   0x08000189   Thumb Code     8  __main.o(!!!main)
    __scatterload                            0x08000191   Thumb Code     0  __scatter.o(!!!scatter)
    __scatterload_rt2                        0x08000191   Thumb Code    44  __scatter.o(!!!scatter)
    __scatterload_rt2_thumb_only             0x08000191   Thumb Code     0  __scatter.o(!!!scatter)
    __scatterload_null                       0x0800019f   Thumb Code     0  __scatter.o(!!!scatter)
    __scatterload_copy                       0x080001c5   Thumb Code    26  __scatter_copy.o(!!handler_copy)
    __scatterload_zeroinit                   0x080001e1   Thumb Code    28  __scatter_zi.o(!!handler_zi)
    _printf_f                                0x080001fd   Thumb Code     0  _printf_f.o(.ARM.Collect$$_printf_percent$$00000003)
    _printf_percent                          0x080001fd   Thumb Code     0  _printf_percent.o(.ARM.Collect$$_printf_percent$$00000000)
    _printf_d                                0x08000203   Thumb Code     0  _printf_d.o(.ARM.Collect$$_printf_percent$$00000009)
    _printf_x                                0x08000209   Thumb Code     0  _printf_x.o(.ARM.Collect$$_printf_percent$$0000000C)
    _printf_percent_end                      0x0800020f   Thumb Code     0  _printf_percent_end.o(.ARM.Collect$$_printf_percent$$00000017)
    __rt_lib_init                            0x08000213   Thumb Code     0  libinit.o(.ARM.Collect$$libinit$$00000000)
    __rt_lib_init_fp_1                       0x08000215   Thumb Code     0  libinit2.o(.ARM.Collect$$libinit$$00000001)
    __rt_lib_init_heap_1                     0x08000219   Thumb Code     0  libinit2.o(.ARM.Collect$$libinit$$0000000A)
    __rt_lib_init_lc_common                  0x08000219   Thumb Code     0  libinit2.o(.ARM.Collect$$libinit$$0000000F)
    __rt_lib_init_preinit_1                  0x08000219   Thumb Code     0  libinit2.o(.ARM.Collect$$libinit$$00000004)
    __rt_lib_init_rand_1                     0x08000219   Thumb Code     0  libinit2.o(.ARM.Collect$$libinit$$0000000E)
    __rt_lib_init_user_alloc_1               0x08000219   Thumb Code     0  libinit2.o(.ARM.Collect$$libinit$$0000000C)
    __rt_lib_init_lc_collate_1               0x0800021f   Thumb Code     0  libinit2.o(.ARM.Collect$$libinit$$00000011)
    __rt_lib_init_lc_ctype_1                 0x0800021f   Thumb Code     0  libinit2.o(.ARM.Collect$$libinit$$00000013)
    __rt_lib_init_lc_monetary_1              0x0800021f   Thumb Code     0  libinit2.o(.ARM.Collect$$libinit$$00000015)
    __rt_lib_init_lc_numeric_2               0x0800021f   Thumb Code     0  libinit2.o(.ARM.Collect$$libinit$$00000016)
    __rt_lib_init_alloca_1                   0x08000229   Thumb Code     0  libinit2.o(.ARM.Collect$$libinit$$0000002E)
    __rt_lib_init_argv_1                     0x08000229   Thumb Code     0  libinit2.o(.ARM.Collect$$libinit$$0000002C)
    __rt_lib_init_atexit_1                   0x08000229   Thumb Code     0  libinit2.o(.ARM.Collect$$libinit$$0000001B)
    __rt_lib_init_clock_1                    0x08000229   Thumb Code     0  libinit2.o(.ARM.Collect$$libinit$$00000021)
    __rt_lib_init_cpp_1                      0x08000229   Thumb Code     0  libinit2.o(.ARM.Collect$$libinit$$00000032)
    __rt_lib_init_exceptions_1               0x08000229   Thumb Code     0  libinit2.o(.ARM.Collect$$libinit$$00000030)
    __rt_lib_init_fp_trap_1                  0x08000229   Thumb Code     0  libinit2.o(.ARM.Collect$$libinit$$0000001F)
    __rt_lib_init_getenv_1                   0x08000229   Thumb Code     0  libinit2.o(.ARM.Collect$$libinit$$00000023)
    __rt_lib_init_lc_numeric_1               0x08000229   Thumb Code     0  libinit2.o(.ARM.Collect$$libinit$$00000017)
    __rt_lib_init_lc_time_1                  0x08000229   Thumb Code     0  libinit2.o(.ARM.Collect$$libinit$$00000019)
    __rt_lib_init_return                     0x08000229   Thumb Code     0  libinit2.o(.ARM.Collect$$libinit$$00000033)
    __rt_lib_init_signal_1                   0x08000229   Thumb Code     0  libinit2.o(.ARM.Collect$$libinit$$0000001D)
    __rt_lib_init_stdio_1                    0x08000229   Thumb Code     0  libinit2.o(.ARM.Collect$$libinit$$00000025)
    __rt_lib_shutdown                        0x0800022b   Thumb Code     0  libshutdown.o(.ARM.Collect$$libshutdown$$00000000)
    __rt_lib_shutdown_fp_trap_1              0x0800022d   Thumb Code     0  libshutdown2.o(.ARM.Collect$$libshutdown$$00000006)
    __rt_lib_shutdown_heap_1                 0x0800022d   Thumb Code     0  libshutdown2.o(.ARM.Collect$$libshutdown$$0000000E)
    __rt_lib_shutdown_return                 0x0800022d   Thumb Code     0  libshutdown2.o(.ARM.Collect$$libshutdown$$0000000F)
    __rt_lib_shutdown_signal_1               0x0800022d   Thumb Code     0  libshutdown2.o(.ARM.Collect$$libshutdown$$00000009)
    __rt_lib_shutdown_stdio_1                0x0800022d   Thumb Code     0  libshutdown2.o(.ARM.Collect$$libshutdown$$00000003)
    __rt_lib_shutdown_user_alloc_1           0x0800022d   Thumb Code     0  libshutdown2.o(.ARM.Collect$$libshutdown$$0000000B)
    __rt_entry                               0x0800022f   Thumb Code     0  __rtentry.o(.ARM.Collect$$rtentry$$00000000)
    __rt_entry_presh_1                       0x0800022f   Thumb Code     0  __rtentry2.o(.ARM.Collect$$rtentry$$00000002)
    __rt_entry_sh                            0x0800022f   Thumb Code     0  __rtentry4.o(.ARM.Collect$$rtentry$$00000004)
    __rt_entry_li                            0x08000235   Thumb Code     0  __rtentry2.o(.ARM.Collect$$rtentry$$0000000A)
    __rt_entry_postsh_1                      0x08000235   Thumb Code     0  __rtentry2.o(.ARM.Collect$$rtentry$$00000009)
    __rt_entry_main                          0x08000239   Thumb Code     0  __rtentry2.o(.ARM.Collect$$rtentry$$0000000D)
    __rt_entry_postli_1                      0x08000239   Thumb Code     0  __rtentry2.o(.ARM.Collect$$rtentry$$0000000C)
    __rt_exit                                0x08000241   Thumb Code     0  rtexit.o(.ARM.Collect$$rtexit$$00000000)
    __rt_exit_ls                             0x08000243   Thumb Code     0  rtexit2.o(.ARM.Collect$$rtexit$$00000003)
    __rt_exit_prels_1                        0x08000243   Thumb Code     0  rtexit2.o(.ARM.Collect$$rtexit$$00000002)
    __rt_exit_exit                           0x08000247   Thumb Code     0  rtexit2.o(.ARM.Collect$$rtexit$$00000004)
    main                                     0x0800024d   Thumb Code   414  main.o(.text)
    NMI_Handler                              0x0800041d   Thumb Code     2  stm32f4xx_it.o(.text)
    HardFault_Handler                        0x0800041f   Thumb Code     4  stm32f4xx_it.o(.text)
    MemManage_Handler                        0x08000423   Thumb Code     4  stm32f4xx_it.o(.text)
    BusFault_Handler                         0x08000427   Thumb Code     4  stm32f4xx_it.o(.text)
    UsageFault_Handler                       0x0800042b   Thumb Code     4  stm32f4xx_it.o(.text)
    SVC_Handler                              0x0800042f   Thumb Code     2  stm32f4xx_it.o(.text)
    DebugMon_Handler                         0x08000431   Thumb Code     2  stm32f4xx_it.o(.text)
    PendSV_Handler                           0x08000433   Thumb Code     2  stm32f4xx_it.o(.text)
    SysTick_Handler                          0x08000435   Thumb Code     2  stm32f4xx_it.o(.text)
    SystemInit                               0x08000515   Thumb Code    88  system_stm32f4xx.o(.text)
    SystemCoreClockUpdate                    0x0800056d   Thumb Code   174  system_stm32f4xx.o(.text)
    LED_Init                                 0x08000649   Thumb Code    60  led.o(.text)
    LCD_WR_REG                               0x08000689   Thumb Code    18  lcd.o(.text)
    LCD_WR_DATA                              0x0800069b   Thumb Code    20  lcd.o(.text)
    LCD_RD_DATA                              0x080006af   Thumb Code    16  lcd.o(.text)
    LCD_WriteReg                             0x080006bf   Thumb Code    14  lcd.o(.text)
    LCD_ReadReg                              0x080006cd   Thumb Code    22  lcd.o(.text)
    LCD_WriteRAM_Prepare                     0x080006e3   Thumb Code    10  lcd.o(.text)
    LCD_WriteRAM                             0x080006ed   Thumb Code     8  lcd.o(.text)
    LCD_BGR2RGB                              0x080006f5   Thumb Code    26  lcd.o(.text)
    opt_delay                                0x0800070f   Thumb Code    14  lcd.o(.text)
    LCD_SetCursor                            0x0800071d   Thumb Code   418  lcd.o(.text)
    LCD_ReadPoint                            0x080008bf   Thumb Code   360  lcd.o(.text)
    LCD_DisplayOn                            0x08000a27   Thumb Code   102  lcd.o(.text)
    LCD_DisplayOff                           0x08000a8d   Thumb Code    90  lcd.o(.text)
    LCD_Scan_Dir                             0x08000ae7   Thumb Code   744  lcd.o(.text)
    LCD_DrawPoint                            0x08000dcf   Thumb Code    28  lcd.o(.text)
    LCD_Fast_DrawPoint                       0x08000deb   Thumb Code   388  lcd.o(.text)
    LCD_SSD_BackLightSet                     0x08000f6f   Thumb Code    88  lcd.o(.text)
    LCD_Display_Dir                          0x08000fc7   Thumb Code   444  lcd.o(.text)
    LCD_Set_Window                           0x08001183   Thumb Code   546  lcd.o(.text)
    LCD_Clear                                0x080013a5   Thumb Code   100  lcd.o(.text)
    LCD_Init                                 0x08001409   Thumb Code 14696  lcd.o(.text)
    LCD_Fill                                 0x08004d71   Thumb Code   180  lcd.o(.text)
    LCD_Color_Fill                           0x08004e25   Thumb Code   100  lcd.o(.text)
    LCD_DrawLine                             0x08004e89   Thumb Code   176  lcd.o(.text)
    LCD_DrawRectangle                        0x08004f39   Thumb Code    60  lcd.o(.text)
    LCD_Draw_Circle                          0x08004f75   Thumb Code   152  lcd.o(.text)
    LCD_ShowChar                             0x0800500d   Thumb Code   272  lcd.o(.text)
    LCD_Pow                                  0x0800511d   Thumb Code    22  lcd.o(.text)
    LCD_ShowNum                              0x08005133   Thumb Code   148  lcd.o(.text)
    LCD_ShowxNum                             0x080051c7   Thumb Code   220  lcd.o(.text)
    LCD_ShowString                           0x080052a3   Thumb Code   102  lcd.o(.text)
    KEY_Init                                 0x08005309   Thumb Code    60  key.o(.text)
    KEY_Scan                                 0x08005345   Thumb Code   188  key.o(.text)
    SPI1_Init                                0x0800540d   Thumb Code   168  spi.o(.text)
    SPI1_ReadWriteByte                       0x080054b5   Thumb Code   110  spi.o(.text)
    SPI2_ReadWriteByte                       0x08005523   Thumb Code    50  spi.o(.text)
    SPI2_Init                                0x08005555   Thumb Code   188  spi.o(.text)
    SPI2_SetSpeed                            0x08005611   Thumb Code    36  spi.o(.text)
    NRF24L01_SPI_Init                        0x08005649   Thumb Code    86  24l01.o(.text)
    NRF24L01_Init                            0x0800569f   Thumb Code   178  24l01.o(.text)
    NRF24L01_Read_Buf                        0x08005751   Thumb Code    56  24l01.o(.text)
    NRF24L01_Write_Buf                       0x08005789   Thumb Code    56  24l01.o(.text)
    NRF24L01_Check                           0x080057c1   Thumb Code    72  24l01.o(.text)
    NRF24L01_Write_Reg                       0x08005809   Thumb Code    38  24l01.o(.text)
    NRF24L01_Read_Reg                        0x0800582f   Thumb Code    36  24l01.o(.text)
    NRF24L01_TxPacket                        0x08005853   Thumb Code    94  24l01.o(.text)
    NRF24L01_RxPacket                        0x080058b1   Thumb Code    58  24l01.o(.text)
    NRF24L01_RX_Mode                         0x080058eb   Thumb Code    76  24l01.o(.text)
    NRF24L01_TX_Mode                         0x08005937   Thumb Code    86  24l01.o(.text)
    i2cdevInit                               0x080059b9   Thumb Code    72  i2c.o(.text)
    IIC_Start                                0x08005a01   Thumb Code    68  i2c.o(.text)
    IIC_Stop                                 0x08005a45   Thumb Code    62  i2c.o(.text)
    IIC_Wait_Ack                             0x08005a83   Thumb Code    82  i2c.o(.text)
    IIC_Ack                                  0x08005ad5   Thumb Code    66  i2c.o(.text)
    IIC_NAck                                 0x08005b17   Thumb Code    66  i2c.o(.text)
    IIC_Send_Byte                            0x08005b59   Thumb Code    90  i2c.o(.text)
    IIC_Read_Byte                            0x08005bb3   Thumb Code    94  i2c.o(.text)
    i2cWriteByte                             0x08005c11   Thumb Code    60  i2c.o(.text)
    i2cReadBytes                             0x08005c4d   Thumb Code   152  i2c.o(.text)
    MPU6050_ACC_Filter_Init                  0x08005cf5   Thumb Code    76  mpu6050.o(.text)
    MPU6050_Init                             0x08005d41   Thumb Code   114  mpu6050.o(.text)
    Gyro_Get_Offset                          0x08005db3   Thumb Code    32  mpu6050.o(.text)
    MPU6050_Get_Motion6                      0x08005dd3   Thumb Code  1010  mpu6050.o(.text)
    SildeMeanFilter                          0x08006205   Thumb Code   122  basefilter.o(.text)
    MS5611_CS_HIGH                           0x08006281   Thumb Code    12  ms5611.o(.text)
    MS5611_CS_LOW                            0x0800628d   Thumb Code    12  ms5611.o(.text)
    MS5611_CS_Config                         0x08006299   Thumb Code    56  ms5611.o(.text)
    MS5611_get_C_value                       0x080062d1   Thumb Code   108  ms5611.o(.text)
    MS5611_convert_D1                        0x080063b1   Thumb Code    62  ms5611.o(.text)
    MS5611_convert_D2                        0x080063ef   Thumb Code    62  ms5611.o(.text)
    MS5611_Init                              0x0800642d   Thumb Code   154  ms5611.o(.text)
    MS5611_read_ADC                          0x080064c7   Thumb Code   108  ms5611.o(.text)
    MS5611_calculate                         0x08006533   Thumb Code   714  ms5611.o(.text)
    MS5611_get_height                        0x080067fd   Thumb Code   312  ms5611.o(.text)
    get_alt_baro_ground                      0x08006935   Thumb Code    32  ms5611.o(.text)
    TIM5_Init                                0x080069b5   Thumb Code     2  timer.o(.text)
    micros                                   0x080069b7   Thumb Code     2  timer.o(.text)
    get_dt_in_micros                         0x080069b9   Thumb Code    46  timer.o(.text)
    get_dt_in_millis                         0x080069e7   Thumb Code    82  timer.o(.text)
    get_dt_in_seconds                        0x08006a39   Thumb Code    82  timer.o(.text)
    calculate_dt_in_micros                   0x08006a8b   Thumb Code    20  timer.o(.text)
    calculate_dt_in_mills                    0x08006a9f   Thumb Code    56  timer.o(.text)
    calculate_dt_in_seconds                  0x08006ad7   Thumb Code    56  timer.o(.text)
    AK8975_CS_HIGH                           0x08006b19   Thumb Code    14  ak8975.o(.text)
    AK8975_CS_LOW                            0x08006b27   Thumb Code    14  ak8975.o(.text)
    AK8975_Pin_Init                          0x08006b35   Thumb Code    78  ak8975.o(.text)
    AK8975_Write_Reg                         0x08006b83   Thumb Code    36  ak8975.o(.text)
    AK8975_Read_Regs                         0x08006ba7   Thumb Code    56  ak8975.o(.text)
    AK8975_Init                              0x08006bdf   Thumb Code    62  ak8975.o(.text)
    AK8975_Get_Magnetism                     0x08006c1d   Thumb Code   268  ak8975.o(.text)
    delay_init                               0x08006d59   Thumb Code    52  delay.o(.text)
    delay_us                                 0x08006d8d   Thumb Code    72  delay.o(.text)
    delay_xms                                0x08006dd5   Thumb Code    72  delay.o(.text)
    delay_ms                                 0x08006e1d   Thumb Code    56  delay.o(.text)
    _sys_exit                                0x08006e5d   Thumb Code     4  usart.o(.text)
    fputc                                    0x08006e61   Thumb Code    24  usart.o(.text)
    uart_init                                0x08006e79   Thumb Code   192  usart.o(.text)
    USART2_IRQHandler                        0x08006f39   Thumb Code   264  usart.o(.text)
    Reset_Handler                            0x08007061   Thumb Code     8  startup_stm32f40_41xxx.o(.text)
    ADC_IRQHandler                           0x0800707b   Thumb Code     0  startup_stm32f40_41xxx.o(.text)
    CAN1_RX0_IRQHandler                      0x0800707b   Thumb Code     0  startup_stm32f40_41xxx.o(.text)
    CAN1_RX1_IRQHandler                      0x0800707b   Thumb Code     0  startup_stm32f40_41xxx.o(.text)
    CAN1_SCE_IRQHandler                      0x0800707b   Thumb Code     0  startup_stm32f40_41xxx.o(.text)
    CAN1_TX_IRQHandler                       0x0800707b   Thumb Code     0  startup_stm32f40_41xxx.o(.text)
    CAN2_RX0_IRQHandler                      0x0800707b   Thumb Code     0  startup_stm32f40_41xxx.o(.text)
    CAN2_RX1_IRQHandler                      0x0800707b   Thumb Code     0  startup_stm32f40_41xxx.o(.text)
    CAN2_SCE_IRQHandler                      0x0800707b   Thumb Code     0  startup_stm32f40_41xxx.o(.text)
    CAN2_TX_IRQHandler                       0x0800707b   Thumb Code     0  startup_stm32f40_41xxx.o(.text)
    CRYP_IRQHandler                          0x0800707b   Thumb Code     0  startup_stm32f40_41xxx.o(.text)
    DCMI_IRQHandler                          0x0800707b   Thumb Code     0  startup_stm32f40_41xxx.o(.text)
    DMA1_Stream0_IRQHandler                  0x0800707b   Thumb Code     0  startup_stm32f40_41xxx.o(.text)
    DMA1_Stream1_IRQHandler                  0x0800707b   Thumb Code     0  startup_stm32f40_41xxx.o(.text)
    DMA1_Stream2_IRQHandler                  0x0800707b   Thumb Code     0  startup_stm32f40_41xxx.o(.text)
    DMA1_Stream3_IRQHandler                  0x0800707b   Thumb Code     0  startup_stm32f40_41xxx.o(.text)
    DMA1_Stream4_IRQHandler                  0x0800707b   Thumb Code     0  startup_stm32f40_41xxx.o(.text)
    DMA1_Stream5_IRQHandler                  0x0800707b   Thumb Code     0  startup_stm32f40_41xxx.o(.text)
    DMA1_Stream6_IRQHandler                  0x0800707b   Thumb Code     0  startup_stm32f40_41xxx.o(.text)
    DMA1_Stream7_IRQHandler                  0x0800707b   Thumb Code     0  startup_stm32f40_41xxx.o(.text)
    DMA2_Stream0_IRQHandler                  0x0800707b   Thumb Code     0  startup_stm32f40_41xxx.o(.text)
    DMA2_Stream1_IRQHandler                  0x0800707b   Thumb Code     0  startup_stm32f40_41xxx.o(.text)
    DMA2_Stream2_IRQHandler                  0x0800707b   Thumb Code     0  startup_stm32f40_41xxx.o(.text)
    DMA2_Stream3_IRQHandler                  0x0800707b   Thumb Code     0  startup_stm32f40_41xxx.o(.text)
    DMA2_Stream4_IRQHandler                  0x0800707b   Thumb Code     0  startup_stm32f40_41xxx.o(.text)
    DMA2_Stream5_IRQHandler                  0x0800707b   Thumb Code     0  startup_stm32f40_41xxx.o(.text)
    DMA2_Stream6_IRQHandler                  0x0800707b   Thumb Code     0  startup_stm32f40_41xxx.o(.text)
    DMA2_Stream7_IRQHandler                  0x0800707b   Thumb Code     0  startup_stm32f40_41xxx.o(.text)
    ETH_IRQHandler                           0x0800707b   Thumb Code     0  startup_stm32f40_41xxx.o(.text)
    ETH_WKUP_IRQHandler                      0x0800707b   Thumb Code     0  startup_stm32f40_41xxx.o(.text)
    EXTI0_IRQHandler                         0x0800707b   Thumb Code     0  startup_stm32f40_41xxx.o(.text)
    EXTI15_10_IRQHandler                     0x0800707b   Thumb Code     0  startup_stm32f40_41xxx.o(.text)
    EXTI1_IRQHandler                         0x0800707b   Thumb Code     0  startup_stm32f40_41xxx.o(.text)
    EXTI2_IRQHandler                         0x0800707b   Thumb Code     0  startup_stm32f40_41xxx.o(.text)
    EXTI3_IRQHandler                         0x0800707b   Thumb Code     0  startup_stm32f40_41xxx.o(.text)
    EXTI4_IRQHandler                         0x0800707b   Thumb Code     0  startup_stm32f40_41xxx.o(.text)
    EXTI9_5_IRQHandler                       0x0800707b   Thumb Code     0  startup_stm32f40_41xxx.o(.text)
    FLASH_IRQHandler                         0x0800707b   Thumb Code     0  startup_stm32f40_41xxx.o(.text)
    FPU_IRQHandler                           0x0800707b   Thumb Code     0  startup_stm32f40_41xxx.o(.text)
    FSMC_IRQHandler                          0x0800707b   Thumb Code     0  startup_stm32f40_41xxx.o(.text)
    HASH_RNG_IRQHandler                      0x0800707b   Thumb Code     0  startup_stm32f40_41xxx.o(.text)
    I2C1_ER_IRQHandler                       0x0800707b   Thumb Code     0  startup_stm32f40_41xxx.o(.text)
    I2C1_EV_IRQHandler                       0x0800707b   Thumb Code     0  startup_stm32f40_41xxx.o(.text)
    I2C2_ER_IRQHandler                       0x0800707b   Thumb Code     0  startup_stm32f40_41xxx.o(.text)
    I2C2_EV_IRQHandler                       0x0800707b   Thumb Code     0  startup_stm32f40_41xxx.o(.text)
    I2C3_ER_IRQHandler                       0x0800707b   Thumb Code     0  startup_stm32f40_41xxx.o(.text)
    I2C3_EV_IRQHandler                       0x0800707b   Thumb Code     0  startup_stm32f40_41xxx.o(.text)
    OTG_FS_IRQHandler                        0x0800707b   Thumb Code     0  startup_stm32f40_41xxx.o(.text)
    OTG_FS_WKUP_IRQHandler                   0x0800707b   Thumb Code     0  startup_stm32f40_41xxx.o(.text)
    OTG_HS_EP1_IN_IRQHandler                 0x0800707b   Thumb Code     0  startup_stm32f40_41xxx.o(.text)
    OTG_HS_EP1_OUT_IRQHandler                0x0800707b   Thumb Code     0  startup_stm32f40_41xxx.o(.text)
    OTG_HS_IRQHandler                        0x0800707b   Thumb Code     0  startup_stm32f40_41xxx.o(.text)
    OTG_HS_WKUP_IRQHandler                   0x0800707b   Thumb Code     0  startup_stm32f40_41xxx.o(.text)
    PVD_IRQHandler                           0x0800707b   Thumb Code     0  startup_stm32f40_41xxx.o(.text)
    RCC_IRQHandler                           0x0800707b   Thumb Code     0  startup_stm32f40_41xxx.o(.text)
    RTC_Alarm_IRQHandler                     0x0800707b   Thumb Code     0  startup_stm32f40_41xxx.o(.text)
    RTC_WKUP_IRQHandler                      0x0800707b   Thumb Code     0  startup_stm32f40_41xxx.o(.text)
    SDIO_IRQHandler                          0x0800707b   Thumb Code     0  startup_stm32f40_41xxx.o(.text)
    SPI1_IRQHandler                          0x0800707b   Thumb Code     0  startup_stm32f40_41xxx.o(.text)
    SPI2_IRQHandler                          0x0800707b   Thumb Code     0  startup_stm32f40_41xxx.o(.text)
    SPI3_IRQHandler                          0x0800707b   Thumb Code     0  startup_stm32f40_41xxx.o(.text)
    TAMP_STAMP_IRQHandler                    0x0800707b   Thumb Code     0  startup_stm32f40_41xxx.o(.text)
    TIM1_BRK_TIM9_IRQHandler                 0x0800707b   Thumb Code     0  startup_stm32f40_41xxx.o(.text)
    TIM1_CC_IRQHandler                       0x0800707b   Thumb Code     0  startup_stm32f40_41xxx.o(.text)
    TIM1_TRG_COM_TIM11_IRQHandler            0x0800707b   Thumb Code     0  startup_stm32f40_41xxx.o(.text)
    TIM1_UP_TIM10_IRQHandler                 0x0800707b   Thumb Code     0  startup_stm32f40_41xxx.o(.text)
    TIM2_IRQHandler                          0x0800707b   Thumb Code     0  startup_stm32f40_41xxx.o(.text)
    TIM3_IRQHandler                          0x0800707b   Thumb Code     0  startup_stm32f40_41xxx.o(.text)
    TIM4_IRQHandler                          0x0800707b   Thumb Code     0  startup_stm32f40_41xxx.o(.text)
    TIM5_IRQHandler                          0x0800707b   Thumb Code     0  startup_stm32f40_41xxx.o(.text)
    TIM6_DAC_IRQHandler                      0x0800707b   Thumb Code     0  startup_stm32f40_41xxx.o(.text)
    TIM7_IRQHandler                          0x0800707b   Thumb Code     0  startup_stm32f40_41xxx.o(.text)
    TIM8_BRK_TIM12_IRQHandler                0x0800707b   Thumb Code     0  startup_stm32f40_41xxx.o(.text)
    TIM8_CC_IRQHandler                       0x0800707b   Thumb Code     0  startup_stm32f40_41xxx.o(.text)
    TIM8_TRG_COM_TIM14_IRQHandler            0x0800707b   Thumb Code     0  startup_stm32f40_41xxx.o(.text)
    TIM8_UP_TIM13_IRQHandler                 0x0800707b   Thumb Code     0  startup_stm32f40_41xxx.o(.text)
    UART4_IRQHandler                         0x0800707b   Thumb Code     0  startup_stm32f40_41xxx.o(.text)
    UART5_IRQHandler                         0x0800707b   Thumb Code     0  startup_stm32f40_41xxx.o(.text)
    USART1_IRQHandler                        0x0800707b   Thumb Code     0  startup_stm32f40_41xxx.o(.text)
    USART3_IRQHandler                        0x0800707b   Thumb Code     0  startup_stm32f40_41xxx.o(.text)
    USART6_IRQHandler                        0x0800707b   Thumb Code     0  startup_stm32f40_41xxx.o(.text)
    WWDG_IRQHandler                          0x0800707b   Thumb Code     0  startup_stm32f40_41xxx.o(.text)
    __user_initial_stackheap                 0x0800707d   Thumb Code     0  startup_stm32f40_41xxx.o(.text)
    NVIC_PriorityGroupConfig                 0x080070a1   Thumb Code    10  misc.o(.text)
    NVIC_Init                                0x080070ab   Thumb Code   106  misc.o(.text)
    NVIC_SetVectorTable                      0x08007115   Thumb Code    14  misc.o(.text)
    NVIC_SystemLPConfig                      0x08007123   Thumb Code    34  misc.o(.text)
    SysTick_CLKSourceConfig                  0x08007145   Thumb Code    40  misc.o(.text)
    GPIO_DeInit                              0x08007181   Thumb Code   268  stm32f4xx_gpio.o(.text)
    GPIO_Init                                0x0800728d   Thumb Code   144  stm32f4xx_gpio.o(.text)
    GPIO_StructInit                          0x0800731d   Thumb Code    18  stm32f4xx_gpio.o(.text)
    GPIO_PinLockConfig                       0x0800732f   Thumb Code    34  stm32f4xx_gpio.o(.text)
    GPIO_ReadInputDataBit                    0x08007351   Thumb Code    18  stm32f4xx_gpio.o(.text)
    GPIO_ReadInputData                       0x08007363   Thumb Code     8  stm32f4xx_gpio.o(.text)
    GPIO_ReadOutputDataBit                   0x0800736b   Thumb Code    18  stm32f4xx_gpio.o(.text)
    GPIO_ReadOutputData                      0x0800737d   Thumb Code     8  stm32f4xx_gpio.o(.text)
    GPIO_SetBits                             0x08007385   Thumb Code     4  stm32f4xx_gpio.o(.text)
    GPIO_ResetBits                           0x08007389   Thumb Code     4  stm32f4xx_gpio.o(.text)
    GPIO_WriteBit                            0x0800738d   Thumb Code    10  stm32f4xx_gpio.o(.text)
    GPIO_Write                               0x08007397   Thumb Code     4  stm32f4xx_gpio.o(.text)
    GPIO_ToggleBits                          0x0800739b   Thumb Code     8  stm32f4xx_gpio.o(.text)
    GPIO_PinAFConfig                         0x080073a3   Thumb Code    70  stm32f4xx_gpio.o(.text)
    FSMC_NORSRAMDeInit                       0x08007415   Thumb Code    54  stm32f4xx_fsmc.o(.text)
    FSMC_NORSRAMInit                         0x0800744b   Thumb Code   230  stm32f4xx_fsmc.o(.text)
    FSMC_NORSRAMStructInit                   0x08007531   Thumb Code    48  stm32f4xx_fsmc.o(.text)
    FSMC_NORSRAMCmd                          0x08007561   Thumb Code    46  stm32f4xx_fsmc.o(.text)
    FSMC_NANDDeInit                          0x0800758f   Thumb Code    62  stm32f4xx_fsmc.o(.text)
    FSMC_NANDInit                            0x080075cd   Thumb Code   132  stm32f4xx_fsmc.o(.text)
    FSMC_NANDStructInit                      0x08007651   Thumb Code    54  stm32f4xx_fsmc.o(.text)
    FSMC_NANDCmd                             0x08007687   Thumb Code    86  stm32f4xx_fsmc.o(.text)
    FSMC_NANDECCCmd                          0x080076dd   Thumb Code    86  stm32f4xx_fsmc.o(.text)
    FSMC_GetECC                              0x08007733   Thumb Code    24  stm32f4xx_fsmc.o(.text)
    FSMC_PCCARDDeInit                        0x0800774b   Thumb Code    36  stm32f4xx_fsmc.o(.text)
    FSMC_PCCARDInit                          0x0800776f   Thumb Code   130  stm32f4xx_fsmc.o(.text)
    FSMC_PCCARDStructInit                    0x080077f1   Thumb Code    60  stm32f4xx_fsmc.o(.text)
    FSMC_PCCARDCmd                           0x0800782d   Thumb Code    44  stm32f4xx_fsmc.o(.text)
    FSMC_ITConfig                            0x08007859   Thumb Code   128  stm32f4xx_fsmc.o(.text)
    FSMC_GetFlagStatus                       0x080078d9   Thumb Code    54  stm32f4xx_fsmc.o(.text)
    FSMC_ClearFlag                           0x0800790f   Thumb Code    74  stm32f4xx_fsmc.o(.text)
    FSMC_GetITStatus                         0x08007959   Thumb Code    62  stm32f4xx_fsmc.o(.text)
    FSMC_ClearITPendingBit                   0x08007997   Thumb Code    66  stm32f4xx_fsmc.o(.text)
    RCC_DeInit                               0x080079dd   Thumb Code    82  stm32f4xx_rcc.o(.text)
    RCC_HSEConfig                            0x08007a2f   Thumb Code    14  stm32f4xx_rcc.o(.text)
    RCC_GetFlagStatus                        0x08007a3d   Thumb Code    60  stm32f4xx_rcc.o(.text)
    RCC_WaitForHSEStartUp                    0x08007a79   Thumb Code    56  stm32f4xx_rcc.o(.text)
    RCC_AdjustHSICalibrationValue            0x08007ab1   Thumb Code    20  stm32f4xx_rcc.o(.text)
    RCC_HSICmd                               0x08007ac5   Thumb Code     6  stm32f4xx_rcc.o(.text)
    RCC_LSEConfig                            0x08007acb   Thumb Code    46  stm32f4xx_rcc.o(.text)
    RCC_LSICmd                               0x08007af9   Thumb Code     6  stm32f4xx_rcc.o(.text)
    RCC_PLLConfig                            0x08007aff   Thumb Code    32  stm32f4xx_rcc.o(.text)
    RCC_PLLCmd                               0x08007b1f   Thumb Code     6  stm32f4xx_rcc.o(.text)
    RCC_PLLI2SConfig                         0x08007b25   Thumb Code    14  stm32f4xx_rcc.o(.text)
    RCC_PLLI2SCmd                            0x08007b33   Thumb Code     6  stm32f4xx_rcc.o(.text)
    RCC_PLLSAIConfig                         0x08007b39   Thumb Code    20  stm32f4xx_rcc.o(.text)
    RCC_PLLSAICmd                            0x08007b4d   Thumb Code     6  stm32f4xx_rcc.o(.text)
    RCC_ClockSecuritySystemCmd               0x08007b53   Thumb Code     6  stm32f4xx_rcc.o(.text)
    RCC_MCO1Config                           0x08007b59   Thumb Code    28  stm32f4xx_rcc.o(.text)
    RCC_MCO2Config                           0x08007b75   Thumb Code    28  stm32f4xx_rcc.o(.text)
    RCC_SYSCLKConfig                         0x08007b91   Thumb Code    20  stm32f4xx_rcc.o(.text)
    RCC_GetSYSCLKSource                      0x08007ba5   Thumb Code    12  stm32f4xx_rcc.o(.text)
    RCC_HCLKConfig                           0x08007bb1   Thumb Code    20  stm32f4xx_rcc.o(.text)
    RCC_PCLK1Config                          0x08007bc5   Thumb Code    20  stm32f4xx_rcc.o(.text)
    RCC_PCLK2Config                          0x08007bd9   Thumb Code    22  stm32f4xx_rcc.o(.text)
    RCC_GetClocksFreq                        0x08007bef   Thumb Code   222  stm32f4xx_rcc.o(.text)
    RCC_RTCCLKConfig                         0x08007ccd   Thumb Code    54  stm32f4xx_rcc.o(.text)
    RCC_RTCCLKCmd                            0x08007d03   Thumb Code     8  stm32f4xx_rcc.o(.text)
    RCC_BackupResetCmd                       0x08007d0b   Thumb Code     8  stm32f4xx_rcc.o(.text)
    RCC_I2SCLKConfig                         0x08007d13   Thumb Code     6  stm32f4xx_rcc.o(.text)
    RCC_SAIPLLI2SClkDivConfig                0x08007d19   Thumb Code    26  stm32f4xx_rcc.o(.text)
    RCC_SAIPLLSAIClkDivConfig                0x08007d33   Thumb Code    28  stm32f4xx_rcc.o(.text)
    RCC_SAIBlockACLKConfig                   0x08007d4f   Thumb Code    20  stm32f4xx_rcc.o(.text)
    RCC_SAIBlockBCLKConfig                   0x08007d63   Thumb Code    20  stm32f4xx_rcc.o(.text)
    RCC_LTDCCLKDivConfig                     0x08007d77   Thumb Code    20  stm32f4xx_rcc.o(.text)
    RCC_TIMCLKPresConfig                     0x08007d8b   Thumb Code     6  stm32f4xx_rcc.o(.text)
    RCC_AHB1PeriphClockCmd                   0x08007d91   Thumb Code    34  stm32f4xx_rcc.o(.text)
    RCC_AHB2PeriphClockCmd                   0x08007db3   Thumb Code    78  stm32f4xx_rcc.o(.text)
    RCC_AHB3PeriphClockCmd                   0x08007e01   Thumb Code    34  stm32f4xx_rcc.o(.text)
    RCC_APB1PeriphClockCmd                   0x08007e23   Thumb Code    34  stm32f4xx_rcc.o(.text)
    RCC_APB2PeriphClockCmd                   0x08007e45   Thumb Code    34  stm32f4xx_rcc.o(.text)
    RCC_AHB1PeriphResetCmd                   0x08007e67   Thumb Code    34  stm32f4xx_rcc.o(.text)
    RCC_AHB2PeriphResetCmd                   0x08007e89   Thumb Code    34  stm32f4xx_rcc.o(.text)
    RCC_AHB3PeriphResetCmd                   0x08007eab   Thumb Code    34  stm32f4xx_rcc.o(.text)
    RCC_APB1PeriphResetCmd                   0x08007ecd   Thumb Code    34  stm32f4xx_rcc.o(.text)
    RCC_APB2PeriphResetCmd                   0x08007eef   Thumb Code    34  stm32f4xx_rcc.o(.text)
    RCC_AHB1PeriphClockLPModeCmd             0x08007f11   Thumb Code    34  stm32f4xx_rcc.o(.text)
    RCC_AHB2PeriphClockLPModeCmd             0x08007f33   Thumb Code    34  stm32f4xx_rcc.o(.text)
    RCC_AHB3PeriphClockLPModeCmd             0x08007f55   Thumb Code    34  stm32f4xx_rcc.o(.text)
    RCC_APB1PeriphClockLPModeCmd             0x08007f77   Thumb Code    34  stm32f4xx_rcc.o(.text)
    RCC_APB2PeriphClockLPModeCmd             0x08007f99   Thumb Code    34  stm32f4xx_rcc.o(.text)
    RCC_LSEModeConfig                        0x08007fbb   Thumb Code    40  stm32f4xx_rcc.o(.text)
    RCC_ITConfig                             0x08007fe3   Thumb Code    34  stm32f4xx_rcc.o(.text)
    RCC_ClearFlag                            0x08008005   Thumb Code    18  stm32f4xx_rcc.o(.text)
    RCC_GetITStatus                          0x08008017   Thumb Code    22  stm32f4xx_rcc.o(.text)
    RCC_ClearITPendingBit                    0x0800802d   Thumb Code     8  stm32f4xx_rcc.o(.text)
    SPI_I2S_DeInit                           0x08008039   Thumb Code   152  stm32f4xx_spi.o(.text)
    SPI_Init                                 0x080080d1   Thumb Code    60  stm32f4xx_spi.o(.text)
    I2S_Init                                 0x0800810d   Thumb Code   396  stm32f4xx_spi.o(.text)
    SPI_StructInit                           0x08008299   Thumb Code    24  stm32f4xx_spi.o(.text)
    I2S_StructInit                           0x080082b1   Thumb Code    20  stm32f4xx_spi.o(.text)
    SPI_Cmd                                  0x080082c5   Thumb Code    24  stm32f4xx_spi.o(.text)
    I2S_Cmd                                  0x080082dd   Thumb Code    24  stm32f4xx_spi.o(.text)
    SPI_DataSizeConfig                       0x080082f5   Thumb Code    18  stm32f4xx_spi.o(.text)
    SPI_BiDirectionalLineConfig              0x08008307   Thumb Code    28  stm32f4xx_spi.o(.text)
    SPI_NSSInternalSoftwareConfig            0x08008323   Thumb Code    30  stm32f4xx_spi.o(.text)
    SPI_SSOutputCmd                          0x08008341   Thumb Code    24  stm32f4xx_spi.o(.text)
    SPI_TIModeCmd                            0x08008359   Thumb Code    24  stm32f4xx_spi.o(.text)
    I2S_FullDuplexConfig                     0x08008371   Thumb Code    80  stm32f4xx_spi.o(.text)
    SPI_I2S_ReceiveData                      0x080083c1   Thumb Code     6  stm32f4xx_spi.o(.text)
    SPI_I2S_SendData                         0x080083c7   Thumb Code     4  stm32f4xx_spi.o(.text)
    SPI_CalculateCRC                         0x080083cb   Thumb Code    24  stm32f4xx_spi.o(.text)
    SPI_TransmitCRC                          0x080083e3   Thumb Code    10  stm32f4xx_spi.o(.text)
    SPI_GetCRC                               0x080083ed   Thumb Code    16  stm32f4xx_spi.o(.text)
    SPI_GetCRCPolynomial                     0x080083fd   Thumb Code     6  stm32f4xx_spi.o(.text)
    SPI_I2S_DMACmd                           0x08008403   Thumb Code    18  stm32f4xx_spi.o(.text)
    SPI_I2S_ITConfig                         0x08008415   Thumb Code    68  stm32f4xx_spi.o(.text)
    SPI_I2S_GetFlagStatus                    0x08008459   Thumb Code    18  stm32f4xx_spi.o(.text)
    SPI_I2S_ClearFlag                        0x0800846b   Thumb Code     6  stm32f4xx_spi.o(.text)
    SPI_I2S_GetITStatus                      0x08008471   Thumb Code    52  stm32f4xx_spi.o(.text)
    SPI_I2S_ClearITPendingBit                0x080084a5   Thumb Code    20  stm32f4xx_spi.o(.text)
    USART_DeInit                             0x080084b9   Thumb Code   206  stm32f4xx_usart.o(.text)
    USART_Init                               0x08008587   Thumb Code   204  stm32f4xx_usart.o(.text)
    USART_StructInit                         0x08008653   Thumb Code    24  stm32f4xx_usart.o(.text)
    USART_ClockInit                          0x0800866b   Thumb Code    32  stm32f4xx_usart.o(.text)
    USART_ClockStructInit                    0x0800868b   Thumb Code    12  stm32f4xx_usart.o(.text)
    USART_Cmd                                0x08008697   Thumb Code    24  stm32f4xx_usart.o(.text)
    USART_SetPrescaler                       0x080086af   Thumb Code    16  stm32f4xx_usart.o(.text)
    USART_OverSampling8Cmd                   0x080086bf   Thumb Code    22  stm32f4xx_usart.o(.text)
    USART_OneBitMethodCmd                    0x080086d5   Thumb Code    24  stm32f4xx_usart.o(.text)
    USART_SendData                           0x080086ed   Thumb Code     8  stm32f4xx_usart.o(.text)
    USART_ReceiveData                        0x080086f5   Thumb Code    10  stm32f4xx_usart.o(.text)
    USART_SetAddress                         0x080086ff   Thumb Code    18  stm32f4xx_usart.o(.text)
    USART_ReceiverWakeUpCmd                  0x08008711   Thumb Code    24  stm32f4xx_usart.o(.text)
    USART_WakeUpConfig                       0x08008729   Thumb Code    18  stm32f4xx_usart.o(.text)
    USART_LINBreakDetectLengthConfig         0x0800873b   Thumb Code    18  stm32f4xx_usart.o(.text)
    USART_LINCmd                             0x0800874d   Thumb Code    24  stm32f4xx_usart.o(.text)
    USART_SendBreak                          0x08008765   Thumb Code    10  stm32f4xx_usart.o(.text)
    USART_HalfDuplexCmd                      0x0800876f   Thumb Code    24  stm32f4xx_usart.o(.text)
    USART_SetGuardTime                       0x08008787   Thumb Code    16  stm32f4xx_usart.o(.text)
    USART_SmartCardCmd                       0x08008797   Thumb Code    24  stm32f4xx_usart.o(.text)
    USART_SmartCardNACKCmd                   0x080087af   Thumb Code    24  stm32f4xx_usart.o(.text)
    USART_IrDAConfig                         0x080087c7   Thumb Code    18  stm32f4xx_usart.o(.text)
    USART_IrDACmd                            0x080087d9   Thumb Code    24  stm32f4xx_usart.o(.text)
    USART_DMACmd                             0x080087f1   Thumb Code    18  stm32f4xx_usart.o(.text)
    USART_ITConfig                           0x08008803   Thumb Code    74  stm32f4xx_usart.o(.text)
    USART_GetFlagStatus                      0x0800884d   Thumb Code    26  stm32f4xx_usart.o(.text)
    USART_ClearFlag                          0x08008867   Thumb Code    18  stm32f4xx_usart.o(.text)
    USART_GetITStatus                        0x08008879   Thumb Code   118  stm32f4xx_usart.o(.text)
    USART_ClearITPendingBit                  0x080088ef   Thumb Code    30  stm32f4xx_usart.o(.text)
    __use_no_semihosting                     0x0800890d   Thumb Code     2  use_no_semi_2.o(.text)
    __2printf                                0x08008911   Thumb Code    20  noretval__2printf.o(.text)
    __printf                                 0x08008929   Thumb Code   104  __printf.o(.text)
    _printf_int_dec                          0x08008991   Thumb Code   104  _printf_dec.o(.text)
    _printf_int_hex                          0x08008a09   Thumb Code    84  _printf_hex_int.o(.text)
    _printf_longlong_hex                     0x08008a09   Thumb Code     0  _printf_hex_int.o(.text)
    __use_two_region_memory                  0x08008a61   Thumb Code     2  heapauxi.o(.text)
    __rt_heap_escrow$2region                 0x08008a63   Thumb Code     2  heapauxi.o(.text)
    __rt_heap_expand$2region                 0x08008a65   Thumb Code     2  heapauxi.o(.text)
    __I$use$semihosting                      0x08008a67   Thumb Code     0  use_no_semi.o(.text)
    __use_no_semihosting_swi                 0x08008a67   Thumb Code     2  use_no_semi.o(.text)
    __read_errno                             0x08008a69   Thumb Code    10  _rserrno.o(.text)
    __set_errno                              0x08008a73   Thumb Code    12  _rserrno.o(.text)
    _printf_int_common                       0x08008a7f   Thumb Code   178  _printf_intcommon.o(.text)
    __lib_sel_fp_printf                      0x08008b31   Thumb Code     2  _printf_fp_dec.o(.text)
    _printf_fp_dec_real                      0x08008cdf   Thumb Code   620  _printf_fp_dec.o(.text)
    _printf_char_file                        0x08008f4d   Thumb Code    32  _printf_char_file.o(.text)
    __rt_locale                              0x08008f71   Thumb Code     8  rt_locale_intlibspace.o(.text)
    __aeabi_errno_addr                       0x08008f79   Thumb Code     8  rt_errno_addr_intlibspace.o(.text)
    __errno$intlibspace                      0x08008f79   Thumb Code     0  rt_errno_addr_intlibspace.o(.text)
    __rt_errno_addr$intlibspace              0x08008f79   Thumb Code     0  rt_errno_addr_intlibspace.o(.text)
    _ll_udiv10                               0x08008f81   Thumb Code   138  lludiv10.o(.text)
    _printf_char_common                      0x08009017   Thumb Code    32  _printf_char_common.o(.text)
    _printf_fp_infnan                        0x0800903d   Thumb Code   112  _printf_fp_infnan.o(.text)
    _btod_etento                             0x080090bd   Thumb Code   216  bigflt0.o(.text)
    ferror                                   0x08009199   Thumb Code     8  ferror.o(.text)
    __user_libspace                          0x080091a1   Thumb Code     8  libspace.o(.text)
    __user_perproc_libspace                  0x080091a1   Thumb Code     0  libspace.o(.text)
    __user_perthread_libspace                0x080091a1   Thumb Code     0  libspace.o(.text)
    __user_setup_stackheap                   0x080091a9   Thumb Code    74  sys_stackheap_outer.o(.text)
    exit                                     0x080091f3   Thumb Code    12  exit.o(.text)
    strcmp                                   0x08009201   Thumb Code   128  strcmpv7m.o(.text)
    _btod_d2e                                0x08009281   Thumb Code    62  btod.o(CL$$btod_d2e)
    _d2e_denorm_low                          0x080092bf   Thumb Code    70  btod.o(CL$$btod_d2e_denorm_low)
    _d2e_norm_op1                            0x08009305   Thumb Code    96  btod.o(CL$$btod_d2e_norm_op1)
    __btod_div_common                        0x08009365   Thumb Code   696  btod.o(CL$$btod_div_common)
    _e2e                                     0x0800969d   Thumb Code   198  btod.o(CL$$btod_e2e)
    _btod_ediv                               0x08009763   Thumb Code    40  btod.o(CL$$btod_ediv)
    _btod_emul                               0x0800978b   Thumb Code    40  btod.o(CL$$btod_emul)
    __btod_mult_common                       0x080097b3   Thumb Code   580  btod.o(CL$$btod_mult_common)
    __ARM_fpclassify                         0x080099f7   Thumb Code    48  fpclassify.o(i.__ARM_fpclassify)
    __ARM_isnanf                             0x08009a27   Thumb Code    14  ms5611.o(i.__ARM_isnanf)
    __hardfp_pow                             0x08009a39   Thumb Code  3044  pow.o(i.__hardfp_pow)
    __kernel_poly                            0x0800a671   Thumb Code   248  poly.o(i.__kernel_poly)
    __mathlib_dbl_divzero                    0x0800a769   Thumb Code    28  dunder.o(i.__mathlib_dbl_divzero)
    __mathlib_dbl_infnan2                    0x0800a799   Thumb Code    20  dunder.o(i.__mathlib_dbl_infnan2)
    __mathlib_dbl_invalid                    0x0800a7b1   Thumb Code    24  dunder.o(i.__mathlib_dbl_invalid)
    __mathlib_dbl_overflow                   0x0800a7d1   Thumb Code    24  dunder.o(i.__mathlib_dbl_overflow)
    __mathlib_dbl_underflow                  0x0800a7f1   Thumb Code    24  dunder.o(i.__mathlib_dbl_underflow)
    fabs                                     0x0800a811   Thumb Code    24  fabs.o(i.fabs)
    sqrt                                     0x0800a829   Thumb Code   110  sqrt.o(i.sqrt)
    _get_lc_numeric                          0x0800a899   Thumb Code    44  lc_numeric_c.o(locale$$code)
    __aeabi_dneg                             0x0800a8c5   Thumb Code     0  basic.o(x$fpl$basic)
    _dneg                                    0x0800a8c5   Thumb Code     6  basic.o(x$fpl$basic)
    __aeabi_fneg                             0x0800a8cb   Thumb Code     0  basic.o(x$fpl$basic)
    _fneg                                    0x0800a8cb   Thumb Code     6  basic.o(x$fpl$basic)
    _dabs                                    0x0800a8d1   Thumb Code     6  basic.o(x$fpl$basic)
    _fabs                                    0x0800a8d7   Thumb Code     6  basic.o(x$fpl$basic)
    __aeabi_d2f                              0x0800a8dd   Thumb Code     0  d2f.o(x$fpl$d2f)
    _d2f                                     0x0800a8dd   Thumb Code    98  d2f.o(x$fpl$d2f)
    __aeabi_dadd                             0x0800a941   Thumb Code     0  daddsub_clz.o(x$fpl$dadd)
    _dadd                                    0x0800a941   Thumb Code   332  daddsub_clz.o(x$fpl$dadd)
    __fpl_dcheck_NaN1                        0x0800aa91   Thumb Code    10  dcheck1.o(x$fpl$dcheck1)
    __fpl_dcmp_Inf                           0x0800aaa1   Thumb Code    24  dcmpi.o(x$fpl$dcmpinf)
    __aeabi_ddiv                             0x0800aab9   Thumb Code     0  ddiv.o(x$fpl$ddiv)
    _ddiv                                    0x0800aab9   Thumb Code   552  ddiv.o(x$fpl$ddiv)
    __aeabi_d2uiz                            0x0800ad69   Thumb Code     0  dfixu.o(x$fpl$dfixu)
    _dfixu                                   0x0800ad69   Thumb Code    90  dfixu.o(x$fpl$dfixu)
    __aeabi_i2d                              0x0800adc3   Thumb Code     0  dflt_clz.o(x$fpl$dflt)
    _dflt                                    0x0800adc3   Thumb Code    46  dflt_clz.o(x$fpl$dflt)
    __aeabi_l2d                              0x0800adf1   Thumb Code     0  dfltll_clz.o(x$fpl$dfltll)
    _ll_sto_d                                0x0800adf1   Thumb Code   162  dfltll_clz.o(x$fpl$dfltll)
    __aeabi_ui2d                             0x0800ae93   Thumb Code     0  dflt_clz.o(x$fpl$dfltu)
    _dfltu                                   0x0800ae93   Thumb Code    38  dflt_clz.o(x$fpl$dfltu)
    __aeabi_cdcmple                          0x0800aeb9   Thumb Code     0  dleqf.o(x$fpl$dleqf)
    _dcmple                                  0x0800aeb9   Thumb Code   120  dleqf.o(x$fpl$dleqf)
    __fpl_dcmple_InfNaN                      0x0800af1b   Thumb Code     0  dleqf.o(x$fpl$dleqf)
    __aeabi_dmul                             0x0800af31   Thumb Code     0  dmul.o(x$fpl$dmul)
    _dmul                                    0x0800af31   Thumb Code   332  dmul.o(x$fpl$dmul)
    __fpl_dnaninf                            0x0800b085   Thumb Code   156  dnaninf.o(x$fpl$dnaninf)
    __fpl_dretinf                            0x0800b121   Thumb Code    12  dretinf.o(x$fpl$dretinf)
    __aeabi_cdrcmple                         0x0800b12d   Thumb Code     0  drleqf.o(x$fpl$drleqf)
    _drcmple                                 0x0800b12d   Thumb Code   108  drleqf.o(x$fpl$drleqf)
    __aeabi_drsub                            0x0800b199   Thumb Code     0  daddsub_clz.o(x$fpl$drsb)
    _drsb                                    0x0800b199   Thumb Code    22  daddsub_clz.o(x$fpl$drsb)
    _dsqrt                                   0x0800b1b1   Thumb Code   404  dsqrt_umaal.o(x$fpl$dsqrt)
    __aeabi_dsub                             0x0800b349   Thumb Code     0  daddsub_clz.o(x$fpl$dsub)
    _dsub                                    0x0800b349   Thumb Code   464  daddsub_clz.o(x$fpl$dsub)
    __aeabi_f2d                              0x0800b51d   Thumb Code     0  f2d.o(x$fpl$f2d)
    _f2d                                     0x0800b51d   Thumb Code    86  f2d.o(x$fpl$f2d)
    __fpl_fnaninf                            0x0800b573   Thumb Code   140  fnaninf.o(x$fpl$fnaninf)
    _fp_init                                 0x0800b5ff   Thumb Code    10  fpinit.o(x$fpl$fpinit)
    __fplib_config_fpu_vfp                   0x0800b607   Thumb Code     0  fpinit.o(x$fpl$fpinit)
    __fplib_config_pureend_doubles           0x0800b607   Thumb Code     0  fpinit.o(x$fpl$fpinit)
    __fpl_fretinf                            0x0800b609   Thumb Code    10  fretinf.o(x$fpl$fretinf)
    _printf_fp_dec                           0x0800b613   Thumb Code     4  printf1.o(x$fpl$printf1)
    __fpl_return_NaN                         0x0800b617   Thumb Code   100  retnan.o(x$fpl$retnan)
    __ARM_scalbn                             0x0800b67b   Thumb Code    92  scalbn.o(x$fpl$scalbn)
    __fpl_cmpreturn                          0x0800b6d7   Thumb Code    48  trapv.o(x$fpl$trapveneer)
    __I$use$fp                               0x0800b706   Number         0  usenofp.o(x$fpl$usenofp)
    asc2_1206                                0x0800b706   Data        1140  lcd.o(.constdata)
    asc2_1608                                0x0800bb7a   Data        1520  lcd.o(.constdata)
    asc2_2412                                0x0800c16a   Data        3420  lcd.o(.constdata)
    TX_ADDRESS                               0x0800cec6   Data           5  24l01.o(.constdata)
    RX_ADDRESS                               0x0800cecb   Data           5  24l01.o(.constdata)
    FSMC_DefaultTimingStruct                 0x0800ced0   Data          28  stm32f4xx_fsmc.o(.constdata)
    __mathlib_zero                           0x0800cfa0   Data           8  qnan.o(.constdata)
    Region$$Table$$Base                      0x0800d03c   Number         0  anon$$obj.o(Region$$Table)
    Region$$Table$$Limit                     0x0800d05c   Number         0  anon$$obj.o(Region$$Table)
    gaodu                                    0x20000000   Data           4  main.o(.data)
    ak8975_buffer                            0x20000004   Data           6  main.o(.data)
    SystemCoreClock                          0x2000000c   Data           4  system_stm32f4xx.o(.data)
    AHBPrescTable                            0x20000010   Data          16  system_stm32f4xx.o(.data)
    POINT_COLOR                              0x20000020   Data           2  lcd.o(.data)
    BACK_COLOR                               0x20000022   Data           2  lcd.o(.data)
    spi1_err                                 0x20000028   Data           4  spi.o(.data)
    i2c_soft_err                             0x2000002c   Data           4  i2c.o(.data)
    gyro_filter_high                         0x20000030   Data           4  mpu6050.o(.data)
    DeviceID                                 0x20000034   Data           1  mpu6050.o(.data)
    Gyro_Offset                              0x20000036   Data           6  mpu6050.o(.data)
    D1                                       0x2000003c   Data           4  ms5611.o(.data)
    D2                                       0x20000040   Data           4  ms5611.o(.data)
    altitude_baro                            0x20000044   Data           4  ms5611.o(.data)
    altitude_baro_ground                     0x20000048   Data           4  ms5611.o(.data)
    alt_ground_set                           0x2000004c   Data           1  ms5611.o(.data)
    baro_available                           0x2000004d   Data           1  ms5611.o(.data)
    baro_update                              0x2000004e   Data           1  ms5611.o(.data)
    ms_dt                                    0x20000050   Data           4  ms5611.o(.data)
    AK8975_LAST                              0x20000070   Data           6  ak8975.o(.data)
    Ak_Xo                                    0x20000076   Data           2  ak8975.o(.data)
    Ak_Yo                                    0x20000078   Data           2  ak8975.o(.data)
    Ak_Zo                                    0x2000007a   Data           2  ak8975.o(.data)
    XS_x                                     0x20000080   Data           2  usart.o(.data)
    XS_y                                     0x20000082   Data           2  usart.o(.data)
    __stdout                                 0x20000084   Data           4  usart.o(.data)
    USART_RX_STA                             0x20000088   Data           2  usart.o(.data)
    mpu6050_buffer                           0x2000009c   Data          14  main.o(.bss)
    lcddev                                   0x200000aa   Data          14  lcd.o(.bss)
    body_acc                                 0x200000b8   Data          12  mpu6050.o(.bss)
    body_gyro                                0x200000c4   Data          12  mpu6050.o(.bss)
    mpu6050_raw                              0x200000d0   Data          12  mpu6050.o(.bss)
    mpu6050                                  0x200000dc   Data          12  mpu6050.o(.bss)
    mpu6050_acc_filter                       0x200000e8   Data          48  mpu6050.o(.bss)
    MPU6050_ACC_FILTER_BUF                   0x20000118   Data          60  mpu6050.o(.bss)
    MS5611_C                                 0x20000154   Data          16  ms5611.o(.bss)
    MS5611_FIFO                              0x20000164   Data          40  ms5611.o(.bss)
    SMF_baro                                 0x2000018c   Data          16  ms5611.o(.bss)
    ak8975                                   0x2000019c   Data          12  ak8975.o(.bss)
    USART_RX_BUF                             0x200001a8   Data         200  usart.o(.bss)
    __libspace_start                         0x20000270   Data          96  libspace.o(.bss)
    __temporary_stack_top$libspace           0x200002d0   Data           0  libspace.o(.bss)



==============================================================================

Memory Map of the image

  Image Entry point : 0x08000189

  Load Region LR_IROM1 (Base: 0x08000000, Size: 0x0000d114, Max: 0x00100000, ABSOLUTE)

    Execution Region ER_IROM1 (Base: 0x08000000, Size: 0x0000d078, Max: 0x00100000, ABSOLUTE)

    Base Addr    Size         Type   Attr      Idx    E Section Name        Object

    0x08000000   0x00000188   Data   RO          620    RESET               startup_stm32f40_41xxx.o
    0x08000188   0x00000008   Code   RO          829  * !!!main             c_w.l(__main.o)
    0x08000190   0x00000034   Code   RO         1156    !!!scatter          c_w.l(__scatter.o)
    0x080001c4   0x0000001a   Code   RO         1158    !!handler_copy      c_w.l(__scatter_copy.o)
    0x080001de   0x00000002   PAD
    0x080001e0   0x0000001c   Code   RO         1160    !!handler_zi        c_w.l(__scatter_zi.o)
    0x080001fc   0x00000000   Code   RO          826    .ARM.Collect$$_printf_percent$$00000000  c_w.l(_printf_percent.o)
    0x080001fc   0x00000006   Code   RO          825    .ARM.Collect$$_printf_percent$$00000003  c_w.l(_printf_f.o)
    0x08000202   0x00000006   Code   RO          824    .ARM.Collect$$_printf_percent$$00000009  c_w.l(_printf_d.o)
    0x08000208   0x00000006   Code   RO          823    .ARM.Collect$$_printf_percent$$0000000C  c_w.l(_printf_x.o)
    0x0800020e   0x00000004   Code   RO          888    .ARM.Collect$$_printf_percent$$00000017  c_w.l(_printf_percent_end.o)
    0x08000212   0x00000002   Code   RO         1028    .ARM.Collect$$libinit$$00000000  c_w.l(libinit.o)
    0x08000214   0x00000004   Code   RO         1029    .ARM.Collect$$libinit$$00000001  c_w.l(libinit2.o)
    0x08000218   0x00000000   Code   RO         1032    .ARM.Collect$$libinit$$00000004  c_w.l(libinit2.o)
    0x08000218   0x00000000   Code   RO         1035    .ARM.Collect$$libinit$$0000000A  c_w.l(libinit2.o)
    0x08000218   0x00000000   Code   RO         1037    .ARM.Collect$$libinit$$0000000C  c_w.l(libinit2.o)
    0x08000218   0x00000000   Code   RO         1039    .ARM.Collect$$libinit$$0000000E  c_w.l(libinit2.o)
    0x08000218   0x00000006   Code   RO         1040    .ARM.Collect$$libinit$$0000000F  c_w.l(libinit2.o)
    0x0800021e   0x00000000   Code   RO         1042    .ARM.Collect$$libinit$$00000011  c_w.l(libinit2.o)
    0x0800021e   0x00000000   Code   RO         1044    .ARM.Collect$$libinit$$00000013  c_w.l(libinit2.o)
    0x0800021e   0x00000000   Code   RO         1046    .ARM.Collect$$libinit$$00000015  c_w.l(libinit2.o)
    0x0800021e   0x0000000a   Code   RO         1047    .ARM.Collect$$libinit$$00000016  c_w.l(libinit2.o)
    0x08000228   0x00000000   Code   RO         1048    .ARM.Collect$$libinit$$00000017  c_w.l(libinit2.o)
    0x08000228   0x00000000   Code   RO         1050    .ARM.Collect$$libinit$$00000019  c_w.l(libinit2.o)
    0x08000228   0x00000000   Code   RO         1052    .ARM.Collect$$libinit$$0000001B  c_w.l(libinit2.o)
    0x08000228   0x00000000   Code   RO         1054    .ARM.Collect$$libinit$$0000001D  c_w.l(libinit2.o)
    0x08000228   0x00000000   Code   RO         1056    .ARM.Collect$$libinit$$0000001F  c_w.l(libinit2.o)
    0x08000228   0x00000000   Code   RO         1058    .ARM.Collect$$libinit$$00000021  c_w.l(libinit2.o)
    0x08000228   0x00000000   Code   RO         1060    .ARM.Collect$$libinit$$00000023  c_w.l(libinit2.o)
    0x08000228   0x00000000   Code   RO         1062    .ARM.Collect$$libinit$$00000025  c_w.l(libinit2.o)
    0x08000228   0x00000000   Code   RO         1066    .ARM.Collect$$libinit$$0000002C  c_w.l(libinit2.o)
    0x08000228   0x00000000   Code   RO         1068    .ARM.Collect$$libinit$$0000002E  c_w.l(libinit2.o)
    0x08000228   0x00000000   Code   RO         1070    .ARM.Collect$$libinit$$00000030  c_w.l(libinit2.o)
    0x08000228   0x00000000   Code   RO         1072    .ARM.Collect$$libinit$$00000032  c_w.l(libinit2.o)
    0x08000228   0x00000002   Code   RO         1073    .ARM.Collect$$libinit$$00000033  c_w.l(libinit2.o)
    0x0800022a   0x00000002   Code   RO         1107    .ARM.Collect$$libshutdown$$00000000  c_w.l(libshutdown.o)
    0x0800022c   0x00000000   Code   RO         1117    .ARM.Collect$$libshutdown$$00000003  c_w.l(libshutdown2.o)
    0x0800022c   0x00000000   Code   RO         1120    .ARM.Collect$$libshutdown$$00000006  c_w.l(libshutdown2.o)
    0x0800022c   0x00000000   Code   RO         1123    .ARM.Collect$$libshutdown$$00000009  c_w.l(libshutdown2.o)
    0x0800022c   0x00000000   Code   RO         1125    .ARM.Collect$$libshutdown$$0000000B  c_w.l(libshutdown2.o)
    0x0800022c   0x00000000   Code   RO         1128    .ARM.Collect$$libshutdown$$0000000E  c_w.l(libshutdown2.o)
    0x0800022c   0x00000002   Code   RO         1129    .ARM.Collect$$libshutdown$$0000000F  c_w.l(libshutdown2.o)
    0x0800022e   0x00000000   Code   RO          879    .ARM.Collect$$rtentry$$00000000  c_w.l(__rtentry.o)
    0x0800022e   0x00000000   Code   RO          942    .ARM.Collect$$rtentry$$00000002  c_w.l(__rtentry2.o)
    0x0800022e   0x00000006   Code   RO          954    .ARM.Collect$$rtentry$$00000004  c_w.l(__rtentry4.o)
    0x08000234   0x00000000   Code   RO          944    .ARM.Collect$$rtentry$$00000009  c_w.l(__rtentry2.o)
    0x08000234   0x00000004   Code   RO          945    .ARM.Collect$$rtentry$$0000000A  c_w.l(__rtentry2.o)
    0x08000238   0x00000000   Code   RO          947    .ARM.Collect$$rtentry$$0000000C  c_w.l(__rtentry2.o)
    0x08000238   0x00000008   Code   RO          948    .ARM.Collect$$rtentry$$0000000D  c_w.l(__rtentry2.o)
    0x08000240   0x00000002   Code   RO         1078    .ARM.Collect$$rtexit$$00000000  c_w.l(rtexit.o)
    0x08000242   0x00000000   Code   RO         1087    .ARM.Collect$$rtexit$$00000002  c_w.l(rtexit2.o)
    0x08000242   0x00000004   Code   RO         1088    .ARM.Collect$$rtexit$$00000003  c_w.l(rtexit2.o)
    0x08000246   0x00000006   Code   RO         1089    .ARM.Collect$$rtexit$$00000004  c_w.l(rtexit2.o)
    0x0800024c   0x000001d0   Code   RO            3    .text               main.o
    0x0800041c   0x0000001a   Code   RO          188    .text               stm32f4xx_it.o
    0x08000436   0x00000002   PAD
    0x08000438   0x00000210   Code   RO          237    .text               system_stm32f4xx.o
    0x08000648   0x00000040   Code   RO          263    .text               led.o
    0x08000688   0x00004c80   Code   RO          283    .text               lcd.o
    0x08005308   0x00000104   Code   RO          321    .text               key.o
    0x0800540c   0x0000023c   Code   RO          342    .text               spi.o
    0x08005648   0x00000370   Code   RO          365    .text               24l01.o
    0x080059b8   0x0000033c   Code   RO          388    .text               i2c.o
    0x08005cf4   0x00000510   Code   RO          411    .text               mpu6050.o
    0x08006204   0x0000007a   Code   RO          439    .text               basefilter.o
    0x0800627e   0x00000002   PAD
    0x08006280   0x00000734   Code   RO          459    .text               ms5611.o
    0x080069b4   0x00000164   Code   RO          501    .text               timer.o
    0x08006b18   0x00000240   Code   RO          521    .text               ak8975.o
    0x08006d58   0x00000104   Code   RO          549    .text               delay.o
    0x08006e5c   0x00000204   Code   RO          589    .text               usart.o
    0x08007060   0x00000040   Code   RO          621    .text               startup_stm32f40_41xxx.o
    0x080070a0   0x000000e0   Code   RO          627    .text               misc.o
    0x08007180   0x00000294   Code   RO          647    .text               stm32f4xx_gpio.o
    0x08007414   0x000005c8   Code   RO          667    .text               stm32f4xx_fsmc.o
    0x080079dc   0x0000065c   Code   RO          690    .text               stm32f4xx_rcc.o
    0x08008038   0x00000480   Code   RO          712    .text               stm32f4xx_spi.o
    0x080084b8   0x00000454   Code   RO          752    .text               stm32f4xx_usart.o
    0x0800890c   0x00000002   Code   RO          772    .text               c_w.l(use_no_semi_2.o)
    0x0800890e   0x00000002   PAD
    0x08008910   0x00000018   Code   RO          776    .text               c_w.l(noretval__2printf.o)
    0x08008928   0x00000068   Code   RO          778    .text               c_w.l(__printf.o)
    0x08008990   0x00000078   Code   RO          780    .text               c_w.l(_printf_dec.o)
    0x08008a08   0x00000058   Code   RO          785    .text               c_w.l(_printf_hex_int.o)
    0x08008a60   0x00000006   Code   RO          827    .text               c_w.l(heapauxi.o)
    0x08008a66   0x00000002   Code   RO          877    .text               c_w.l(use_no_semi.o)
    0x08008a68   0x00000016   Code   RO          880    .text               c_w.l(_rserrno.o)
    0x08008a7e   0x000000b2   Code   RO          882    .text               c_w.l(_printf_intcommon.o)
    0x08008b30   0x0000041a   Code   RO          884    .text               c_w.l(_printf_fp_dec.o)
    0x08008f4a   0x00000002   PAD
    0x08008f4c   0x00000024   Code   RO          886    .text               c_w.l(_printf_char_file.o)
    0x08008f70   0x00000008   Code   RO          959    .text               c_w.l(rt_locale_intlibspace.o)
    0x08008f78   0x00000008   Code   RO          964    .text               c_w.l(rt_errno_addr_intlibspace.o)
    0x08008f80   0x0000008a   Code   RO          966    .text               c_w.l(lludiv10.o)
    0x0800900a   0x00000002   PAD
    0x0800900c   0x00000030   Code   RO          968    .text               c_w.l(_printf_char_common.o)
    0x0800903c   0x00000080   Code   RO          970    .text               c_w.l(_printf_fp_infnan.o)
    0x080090bc   0x000000dc   Code   RO          972    .text               c_w.l(bigflt0.o)
    0x08009198   0x00000008   Code   RO          997    .text               c_w.l(ferror.o)
    0x080091a0   0x00000008   Code   RO         1012    .text               c_w.l(libspace.o)
    0x080091a8   0x0000004a   Code   RO         1015    .text               c_w.l(sys_stackheap_outer.o)
    0x080091f2   0x0000000c   Code   RO         1019    .text               c_w.l(exit.o)
    0x080091fe   0x00000002   PAD
    0x08009200   0x00000080   Code   RO         1021    .text               c_w.l(strcmpv7m.o)
    0x08009280   0x0000003e   Code   RO          975    CL$$btod_d2e        c_w.l(btod.o)
    0x080092be   0x00000046   Code   RO          977    CL$$btod_d2e_denorm_low  c_w.l(btod.o)
    0x08009304   0x00000060   Code   RO          976    CL$$btod_d2e_norm_op1  c_w.l(btod.o)
    0x08009364   0x00000338   Code   RO          985    CL$$btod_div_common  c_w.l(btod.o)
    0x0800969c   0x000000c6   Code   RO          982    CL$$btod_e2e        c_w.l(btod.o)
    0x08009762   0x00000028   Code   RO          979    CL$$btod_ediv       c_w.l(btod.o)
    0x0800978a   0x00000028   Code   RO          978    CL$$btod_emul       c_w.l(btod.o)
    0x080097b2   0x00000244   Code   RO          984    CL$$btod_mult_common  c_w.l(btod.o)
    0x080099f6   0x00000030   Code   RO          924    i.__ARM_fpclassify  m_wm.l(fpclassify.o)
    0x08009a26   0x0000000e   Code   RO          478    i.__ARM_isnanf      ms5611.o
    0x08009a34   0x00000004   PAD
    0x08009a38   0x00000c38   Code   RO          863    i.__hardfp_pow      m_wm.l(pow.o)
    0x0800a670   0x000000f8   Code   RO          926    i.__kernel_poly     m_wm.l(poly.o)
    0x0800a768   0x00000030   Code   RO          904    i.__mathlib_dbl_divzero  m_wm.l(dunder.o)
    0x0800a798   0x00000014   Code   RO          906    i.__mathlib_dbl_infnan2  m_wm.l(dunder.o)
    0x0800a7ac   0x00000004   PAD
    0x0800a7b0   0x00000020   Code   RO          907    i.__mathlib_dbl_invalid  m_wm.l(dunder.o)
    0x0800a7d0   0x00000020   Code   RO          908    i.__mathlib_dbl_overflow  m_wm.l(dunder.o)
    0x0800a7f0   0x00000020   Code   RO          910    i.__mathlib_dbl_underflow  m_wm.l(dunder.o)
    0x0800a810   0x00000018   Code   RO          920    i.fabs              m_wm.l(fabs.o)
    0x0800a828   0x0000006e   Code   RO          931    i.sqrt              m_wm.l(sqrt.o)
    0x0800a896   0x00000002   PAD
    0x0800a898   0x0000002c   Code   RO         1002    locale$$code        c_w.l(lc_numeric_c.o)
    0x0800a8c4   0x00000018   Code   RO          889    x$fpl$basic         fz_wm.l(basic.o)
    0x0800a8dc   0x00000062   Code   RO          831    x$fpl$d2f           fz_wm.l(d2f.o)
    0x0800a93e   0x00000002   PAD
    0x0800a940   0x00000150   Code   RO          833    x$fpl$dadd          fz_wm.l(daddsub_clz.o)
    0x0800aa90   0x00000010   Code   RO         1004    x$fpl$dcheck1       fz_wm.l(dcheck1.o)
    0x0800aaa0   0x00000018   Code   RO         1074    x$fpl$dcmpinf       fz_wm.l(dcmpi.o)
    0x0800aab8   0x000002b0   Code   RO          840    x$fpl$ddiv          fz_wm.l(ddiv.o)
    0x0800ad68   0x0000005a   Code   RO          843    x$fpl$dfixu         fz_wm.l(dfixu.o)
    0x0800adc2   0x0000002e   Code   RO          848    x$fpl$dflt          fz_wm.l(dflt_clz.o)
    0x0800adf0   0x000000a2   Code   RO          853    x$fpl$dfltll        fz_wm.l(dfltll_clz.o)
    0x0800ae92   0x00000026   Code   RO          847    x$fpl$dfltu         fz_wm.l(dflt_clz.o)
    0x0800aeb8   0x00000078   Code   RO         1006    x$fpl$dleqf         fz_wm.l(dleqf.o)
    0x0800af30   0x00000154   Code   RO          857    x$fpl$dmul          fz_wm.l(dmul.o)
    0x0800b084   0x0000009c   Code   RO          891    x$fpl$dnaninf       fz_wm.l(dnaninf.o)
    0x0800b120   0x0000000c   Code   RO          893    x$fpl$dretinf       fz_wm.l(dretinf.o)
    0x0800b12c   0x0000006c   Code   RO          895    x$fpl$drleqf        fz_wm.l(drleqf.o)
    0x0800b198   0x00000016   Code   RO          834    x$fpl$drsb          fz_wm.l(daddsub_clz.o)
    0x0800b1ae   0x00000002   PAD
    0x0800b1b0   0x00000198   Code   RO         1008    x$fpl$dsqrt         fz_wm.l(dsqrt_umaal.o)
    0x0800b348   0x000001d4   Code   RO          835    x$fpl$dsub          fz_wm.l(daddsub_clz.o)
    0x0800b51c   0x00000056   Code   RO          859    x$fpl$f2d           fz_wm.l(f2d.o)
    0x0800b572   0x0000008c   Code   RO          897    x$fpl$fnaninf       fz_wm.l(fnaninf.o)
    0x0800b5fe   0x0000000a   Code   RO         1082    x$fpl$fpinit        fz_wm.l(fpinit.o)
    0x0800b608   0x0000000a   Code   RO          899    x$fpl$fretinf       fz_wm.l(fretinf.o)
    0x0800b612   0x00000004   Code   RO          861    x$fpl$printf1       fz_wm.l(printf1.o)
    0x0800b616   0x00000064   Code   RO         1076    x$fpl$retnan        fz_wm.l(retnan.o)
    0x0800b67a   0x0000005c   Code   RO          901    x$fpl$scalbn        fz_wm.l(scalbn.o)
    0x0800b6d6   0x00000030   Code   RO         1084    x$fpl$trapveneer    fz_wm.l(trapv.o)
    0x0800b706   0x00000000   Code   RO          903    x$fpl$usenofp       fz_wm.l(usenofp.o)
    0x0800b706   0x000017c0   Data   RO          285    .constdata          lcd.o
    0x0800cec6   0x0000000a   Data   RO          366    .constdata          24l01.o
    0x0800ced0   0x0000001c   Data   RO          668    .constdata          stm32f4xx_fsmc.o
    0x0800ceec   0x00000028   Data   RO          786    .constdata          c_w.l(_printf_hex_int.o)
    0x0800cf14   0x00000004   PAD
    0x0800cf18   0x00000088   Data   RO          866    .constdata          m_wm.l(pow.o)
    0x0800cfa0   0x00000008   Data   RO          928    .constdata          m_wm.l(qnan.o)
    0x0800cfa8   0x00000094   Data   RO          973    .constdata          c_w.l(bigflt0.o)
    0x0800d03c   0x00000020   Data   RO         1154    Region$$Table       anon$$obj.o
    0x0800d05c   0x0000001c   Data   RO         1001    locale$$data        c_w.l(lc_numeric_c.o)


    Execution Region RW_IRAM1 (Base: 0x20000000, Size: 0x000008d0, Max: 0x00020000, ABSOLUTE)

    Base Addr    Size         Type   Attr      Idx    E Section Name        Object

    0x20000000   0x0000000a   Data   RW            6    .data               main.o
    0x2000000a   0x00000002   PAD
    0x2000000c   0x00000014   Data   RW          238    .data               system_stm32f4xx.o
    0x20000020   0x00000004   Data   RW          286    .data               lcd.o
    0x20000024   0x00000001   Data   RW          322    .data               key.o
    0x20000025   0x00000003   PAD
    0x20000028   0x00000004   Data   RW          343    .data               spi.o
    0x2000002c   0x00000004   Data   RW          389    .data               i2c.o
    0x20000030   0x0000000c   Data   RW          413    .data               mpu6050.o
    0x2000003c   0x00000034   Data   RW          461    .data               ms5611.o
    0x20000070   0x0000000c   Data   RW          523    .data               ak8975.o
    0x2000007c   0x00000004   Data   RW          550    .data               delay.o
    0x20000080   0x0000000a   Data   RW          591    .data               usart.o
    0x2000008a   0x00000010   Data   RW          691    .data               stm32f4xx_rcc.o
    0x2000009a   0x00000002   PAD
    0x2000009c   0x0000000e   Zero   RW            4    .bss                main.o
    0x200000aa   0x0000000e   Zero   RW          284    .bss                lcd.o
    0x200000b8   0x0000009c   Zero   RW          412    .bss                mpu6050.o
    0x20000154   0x00000048   Zero   RW          460    .bss                ms5611.o
    0x2000019c   0x0000000c   Zero   RW          522    .bss                ak8975.o
    0x200001a8   0x000000c8   Zero   RW          590    .bss                usart.o
    0x20000270   0x00000060   Zero   RW         1013    .bss                c_w.l(libspace.o)
    0x200002d0   0x00000200   Zero   RW          619    HEAP                startup_stm32f40_41xxx.o
    0x200004d0   0x00000400   Zero   RW          618    STACK               startup_stm32f40_41xxx.o


==============================================================================

Image component sizes


      Code (inc. data)   RO Data    RW Data    ZI Data      Debug   Object Name

       880         44         10          0          0       3917   24l01.o
       576         48          0         12         12       2661   ak8975.o
       122          0          0          0          0       1034   basefilter.o
       260          8          0          4          0       1465   delay.o
       828         16          0          4          0       3163   i2c.o
       260         12          0          1          0        880   key.o
     19584        174       6080          4         14      22330   lcd.o
        64          4          0          0          0        539   led.o
       464         50          0         10         14     280184   main.o
       224         20          0          0          0       1845   misc.o
      1296        186          0         12        156       3441   mpu6050.o
      1858        126          0         52         72       6014   ms5611.o
       572         20          0          4          0       2253   spi.o
        64         26        392          0       1536        844   startup_stm32f40_41xxx.o
      1480         18         28          0          0       5658   stm32f4xx_fsmc.o
       660         44          0          0          0       4121   stm32f4xx_gpio.o
        26          0          0          0          0       1234   stm32f4xx_it.o
      1628         52          0         16          0      12924   stm32f4xx_rcc.o
      1152         36          0          0          0       6869   stm32f4xx_spi.o
      1108         34          0          0          0       7820   stm32f4xx_usart.o
       528         46          0         20          0       1819   system_stm32f4xx.o
       356         10          0          0          0       2716   timer.o
       516         32          0         10        200       3472   usart.o

    ----------------------------------------------------------------------
     34514       1006       6542        156       2004     377203   Object Totals
         0          0         32          0          0          0   (incl. Generated)
         8          0          0          7          0          0   (incl. Padding)

    ----------------------------------------------------------------------

      Code (inc. data)   RO Data    RW Data    ZI Data      Debug   Library Member Name

         8          0          0          0          0         68   __main.o
       104          0          0          0          0         84   __printf.o
         0          0          0          0          0          0   __rtentry.o
        12          0          0          0          0          0   __rtentry2.o
         6          0          0          0          0          0   __rtentry4.o
        52          8          0          0          0          0   __scatter.o
        26          0          0          0          0          0   __scatter_copy.o
        28          0          0          0          0          0   __scatter_zi.o
        48          6          0          0          0         96   _printf_char_common.o
        36          4          0          0          0         80   _printf_char_file.o
         6          0          0          0          0          0   _printf_d.o
       120         16          0          0          0         92   _printf_dec.o
         6          0          0          0          0          0   _printf_f.o
      1050          0          0          0          0        216   _printf_fp_dec.o
       128         16          0          0          0         84   _printf_fp_infnan.o
        88          4         40          0          0         88   _printf_hex_int.o
       178          0          0          0          0         88   _printf_intcommon.o
         0          0          0          0          0          0   _printf_percent.o
         4          0          0          0          0          0   _printf_percent_end.o
         6          0          0          0          0          0   _printf_x.o
        22          0          0          0          0        100   _rserrno.o
       220          4        148          0          0         96   bigflt0.o
      1910        128          0          0          0        672   btod.o
        12          0          0          0          0         72   exit.o
         8          0          0          0          0         68   ferror.o
         6          0          0          0          0        152   heapauxi.o
        44         10         28          0          0         76   lc_numeric_c.o
         2          0          0          0          0          0   libinit.o
        22          0          0          0          0          0   libinit2.o
         2          0          0          0          0          0   libshutdown.o
         2          0          0          0          0          0   libshutdown2.o
         8          4          0          0         96         68   libspace.o
       138          0          0          0          0         80   lludiv10.o
        24          4          0          0          0         84   noretval__2printf.o
         8          4          0          0          0         68   rt_errno_addr_intlibspace.o
         8          4          0          0          0         68   rt_locale_intlibspace.o
         2          0          0          0          0          0   rtexit.o
        10          0          0          0          0          0   rtexit2.o
       128          0          0          0          0         68   strcmpv7m.o
        74          0          0          0          0         80   sys_stackheap_outer.o
         2          0          0          0          0         68   use_no_semi.o
         2          0          0          0          0         68   use_no_semi_2.o
        24          0          0          0          0        164   basic.o
        98          4          0          0          0        140   d2f.o
       826         16          0          0          0        492   daddsub_clz.o
        16          4          0          0          0        116   dcheck1.o
        24          0          0          0          0        116   dcmpi.o
       688        140          0          0          0        256   ddiv.o
        90          4          0          0          0        140   dfixu.o
        84          0          0          0          0        232   dflt_clz.o
       162          0          0          0          0        132   dfltll_clz.o
       120          4          0          0          0        140   dleqf.o
       340         12          0          0          0        152   dmul.o
       156          4          0          0          0        140   dnaninf.o
        12          0          0          0          0        116   dretinf.o
       108          0          0          0          0        128   drleqf.o
       408         56          0          0          0        168   dsqrt_umaal.o
        86          4          0          0          0        132   f2d.o
       140          4          0          0          0        132   fnaninf.o
        10          0          0          0          0        116   fpinit.o
        10          0          0          0          0        116   fretinf.o
         4          0          0          0          0        116   printf1.o
       100          0          0          0          0        116   retnan.o
        92          0          0          0          0        116   scalbn.o
        48          0          0          0          0        116   trapv.o
         0          0          0          0          0          0   usenofp.o
       164         44          0          0          0        620   dunder.o
        24          0          0          0          0        124   fabs.o
        48          0          0          0          0        124   fpclassify.o
       248          0          0          0          0        152   poly.o
      3128        302        136          0          0        356   pow.o
         0          0          8          0          0          0   qnan.o
       110          0          0          0          0        148   sqrt.o

    ----------------------------------------------------------------------
     11948        810        364          0         96       7900   Library Totals
        20          0          4          0          0          0   (incl. Padding)

    ----------------------------------------------------------------------

      Code (inc. data)   RO Data    RW Data    ZI Data      Debug   Library Name

      4560        212        216          0         96       2784   c_w.l
      3646        252          0          0          0       3592   fz_wm.l
      3722        346        144          0          0       1524   m_wm.l

    ----------------------------------------------------------------------
     11948        810        364          0         96       7900   Library Totals

    ----------------------------------------------------------------------

==============================================================================


      Code (inc. data)   RO Data    RW Data    ZI Data      Debug   

     46462       1816       6906        156       2100     375895   Grand Totals
     46462       1816       6906        156       2100     375895   ELF Image Totals
     46462       1816       6906        156          0          0   ROM Totals

==============================================================================

    Total RO  Size (Code + RO Data)                53368 (  52.12kB)
    Total RW  Size (RW Data + ZI Data)              2256 (   2.20kB)
    Total ROM Size (Code + RO Data + RW Data)      53524 (  52.27kB)

==============================================================================

